Windows PowerShell
Copyright (C) Microsoft Corporation. All rights reserved.

Install the latest PowerShell for new features and improvements! https://aka.ms/PSWindows

PS C:\cbc\DSAI-Jan-2026-AM\01-linux\DSAI-LINUX-JAN2026-AM> code .
PS C:\cbc\DSAI-Jan-2026-AM\01-linux\DSAI-LINUX-JAN2026-AM> wsl ~
sadeed@sadeed:~$ cd /mnt/c/cbc/DSAI
DSAI/             DSAI-Jan-2026-AM/
sadeed@sadeed:~$ cd /mnt/c/cbc/DSAI-Jan-2026-AM/01-linux/DSAI-LINUX-JAN2026-AM/
.git/   Books/  Day-04/ Day-06/ Day-08/ lab/
sadeed@sadeed:~$ cd /mnt/c/cbc/DSAI-Jan-2026-AM/01-linux/DSAI-LINUX-JAN2026-AM/lab/
sadeed@sadeed:/mnt/c/cbc/DSAI-Jan-2026-AM/01-linux/DSAI-LINUX-JAN2026-AM/lab$
sadeed@sadeed:/mnt/c/cbc/DSAI-Jan-2026-AM/01-linux/DSAI-LINUX-JAN2026-AM/lab$
sadeed@sadeed:/mnt/c/cbc/DSAI-Jan-2026-AM/01-linux/DSAI-LINUX-JAN2026-AM/lab$
sadeed@sadeed:/mnt/c/cbc/DSAI-Jan-2026-AM/01-linux/DSAI-LINUX-JAN2026-AM/lab$ ls -l
total 12
drwxrwxrwx 1 sadeed sadeed 4096 Feb  1 22:34 dir1
drwxrwxrwx 1 sadeed sadeed 4096 Feb  4 09:56 dir2
drwxrwxrwx 1 sadeed sadeed 4096 Feb  1 22:34 dir3
drwxrwxrwx 1 sadeed sadeed 4096 Feb  1 22:34 dir4
drwxrwxrwx 1 sadeed sadeed 4096 Feb  4 10:37 dir5
drwxrwxrwx 1 sadeed sadeed 4096 Feb  4 10:37 dir6
-rwxrwxrwx 1 sadeed sadeed 5077 Feb  4 11:43 file.1
-rwxrwxrwx 1 sadeed sadeed 1255 Sep  5 20:05 file.2
-rwxrwxrwx 1 sadeed sadeed   24 Sep 10 20:30 fruits
drwxrwxrwx 1 sadeed sadeed 4096 Feb  1 22:34 house
drwxrwxrwx 1 sadeed sadeed 4096 Feb  1 22:34 practice1
drwxrwxrwx 1 sadeed sadeed 4096 Feb  4 11:44 usr
sadeed@sadeed:/mnt/c/cbc/DSAI-Jan-2026-AM/01-linux/DSAI-LINUX-JAN2026-AM/lab$ cp file.1 file.2 practice2
cp: target 'practice2': No such file or directory
sadeed@sadeed:/mnt/c/cbc/DSAI-Jan-2026-AM/01-linux/DSAI-LINUX-JAN2026-AM/lab$ cp -R file.1 file.2 practice2
cp: target 'practice2': No such file or directory
sadeed@sadeed:/mnt/c/cbc/DSAI-Jan-2026-AM/01-linux/DSAI-LINUX-JAN2026-AM/lab$ cp -r file.1 file.2 practice2
cp: target 'practice2': No such file or directory
sadeed@sadeed:/mnt/c/cbc/DSAI-Jan-2026-AM/01-linux/DSAI-LINUX-JAN2026-AM/lab$ cp --help
Usage: cp [OPTION]... [-T] SOURCE DEST
  or:  cp [OPTION]... SOURCE... DIRECTORY
  or:  cp [OPTION]... -t DIRECTORY SOURCE...
Copy SOURCE to DEST, or multiple SOURCE(s) to DIRECTORY.

Mandatory arguments to long options are mandatory for short options too.
  -a, --archive                same as -dR --preserve=all
      --attributes-only        don't copy the file data, just the attributes
      --backup[=CONTROL]       make a backup of each existing destination file
  -b                           like --backup but does not accept an argument
      --copy-contents          copy contents of special files when recursive
  -d                           same as --no-dereference --preserve=links
      --debug                  explain how a file is copied.  Implies -v
  -f, --force                  if an existing destination file cannot be
                                 opened, remove it and try again (this option
                                 is ignored when the -n option is also used)
  -i, --interactive            prompt before overwrite (overrides a previous -n
                                  option)
  -H                           follow command-line symbolic links in SOURCE
  -l, --link                   hard link files instead of copying
  -L, --dereference            always follow symbolic links in SOURCE
  -n, --no-clobber             do not overwrite an existing file and do not fail
                                 (overrides a -u or previous -i option). See also
                                 --update; equivalent to --update=none.
  -P, --no-dereference         never follow symbolic links in SOURCE
  -p                           same as --preserve=mode,ownership,timestamps
      --preserve[=ATTR_LIST]   preserve the specified attributes
      --no-preserve=ATTR_LIST  don't preserve the specified attributes
      --parents                use full source file name under DIRECTORY
  -R, -r, --recursive          copy directories recursively
      --reflink[=WHEN]         control clone/CoW copies. See below
      --remove-destination     remove each existing destination file before
                                 attempting to open it (contrast with --force)
      --sparse=WHEN            control creation of sparse files. See below
      --strip-trailing-slashes  remove any trailing slashes from each SOURCE
                                 argument
  -s, --symbolic-link          make symbolic links instead of copying
  -S, --suffix=SUFFIX          override the usual backup suffix
  -t, --target-directory=DIRECTORY  copy all SOURCE arguments into DIRECTORY
  -T, --no-target-directory    treat DEST as a normal file
  --update[=UPDATE]            control which existing files are updated;
                                 UPDATE={all,none,older(default)}.  See below
  -u                           equivalent to --update[=older]
  -v, --verbose                explain what is being done
  -x, --one-file-system        stay on this file system
  -Z                           set SELinux security context of destination
                                 file to default type
      --context[=CTX]          like -Z, or if CTX is specified then set the
                                 SELinux or SMACK security context to CTX
      --help        display this help and exit
      --version     output version information and exit

ATTR_LIST is a comma-separated list of attributes. Attributes are 'mode' for
permissions (including any ACL and xattr permissions), 'ownership' for user
and group, 'timestamps' for file timestamps, 'links' for hard links, 'context'
for security context, 'xattr' for extended attributes, and 'all' for all
attributes.

By default, sparse SOURCE files are detected by a crude heuristic and the
corresponding DEST file is made sparse as well.  That is the behavior
selected by --sparse=auto.  Specify --sparse=always to create a sparse DEST
file whenever the SOURCE file contains a long enough sequence of zero bytes.
Use --sparse=never to inhibit creation of sparse files.

UPDATE controls which existing files in the destination are replaced.
'all' is the default operation when an --update option is not specified,
and results in all existing files in the destination being replaced.
'none' is similar to the --no-clobber option, in that no files in the
destination are replaced, but also skipped files do not induce a failure.
'older' is the default operation when --update is specified, and results
in files being replaced if they're older than the corresponding source file.

When --reflink[=always] is specified, perform a lightweight copy, where the
data blocks are copied only when modified.  If this is not possible the copy
fails, or if --reflink=auto is specified, fall back to a standard copy.
Use --reflink=never to ensure a standard copy is performed.

The backup suffix is '~', unless set with --suffix or SIMPLE_BACKUP_SUFFIX.
The version control method may be selected via the --backup option or through
the VERSION_CONTROL environment variable.  Here are the values:

  none, off       never make backups (even if --backup is given)
  numbered, t     make numbered backups
  existing, nil   numbered if numbered backups exist, simple otherwise
  simple, never   always make simple backups

As a special case, cp makes a backup of SOURCE when the force and backup
options are given and SOURCE and DEST are the same name for an existing,
regular file.

GNU coreutils online help: <https://www.gnu.org/software/coreutils/>
Report any translation bugs to <https://translationproject.org/team/>
Full documentation <https://www.gnu.org/software/coreutils/cp>
or available locally via: info '(coreutils) cp invocation'
sadeed@sadeed:/mnt/c/cbc/DSAI-Jan-2026-AM/01-linux/DSAI-LINUX-JAN2026-AM/lab$ ls -l
total 12
drwxrwxrwx 1 sadeed sadeed 4096 Feb  1 22:34 dir1
drwxrwxrwx 1 sadeed sadeed 4096 Feb  4 09:56 dir2
drwxrwxrwx 1 sadeed sadeed 4096 Feb  1 22:34 dir3
drwxrwxrwx 1 sadeed sadeed 4096 Feb  1 22:34 dir4
drwxrwxrwx 1 sadeed sadeed 4096 Feb  4 10:37 dir5
drwxrwxrwx 1 sadeed sadeed 4096 Feb  4 10:37 dir6
-rwxrwxrwx 1 sadeed sadeed 5077 Feb  4 11:43 file.1
-rwxrwxrwx 1 sadeed sadeed 1255 Sep  5 20:05 file.2
-rwxrwxrwx 1 sadeed sadeed   24 Sep 10 20:30 fruits
drwxrwxrwx 1 sadeed sadeed 4096 Feb  1 22:34 house
drwxrwxrwx 1 sadeed sadeed 4096 Feb  1 22:34 practice1
drwxrwxrwx 1 sadeed sadeed 4096 Feb  4 11:44 usr
sadeed@sadeed:/mnt/c/cbc/DSAI-Jan-2026-AM/01-linux/DSAI-LINUX-JAN2026-AM/lab$ mkdir letters
sadeed@sadeed:/mnt/c/cbc/DSAI-Jan-2026-AM/01-linux/DSAI-LINUX-JAN2026-AM/lab$ mv practice1 letters/
sadeed@sadeed:/mnt/c/cbc/DSAI-Jan-2026-AM/01-linux/DSAI-LINUX-JAN2026-AM/lab$ ls -l letters/
total 0
drwxrwxrwx 1 sadeed sadeed 4096 Feb  1 22:34 practice1
sadeed@sadeed:/mnt/c/cbc/DSAI-Jan-2026-AM/01-linux/DSAI-LINUX-JAN2026-AM/lab$ ls -lR letters/
letters/:
total 0
drwxrwxrwx 1 sadeed sadeed 4096 Feb  1 22:34 practice1

letters/practice1:
total 8
drwxrwxrwx 1 sadeed sadeed 4096 Feb  1 22:34 appointments
-rwxrwxrwx 1 sadeed sadeed 1255 Sep  8 20:06 file.1
-rwxrwxrwx 1 sadeed sadeed 1255 Sep  8 20:06 file.2
drwxrwxrwx 1 sadeed sadeed 4096 Feb  1 22:34 play

letters/practice1/appointments:
total 4
-rwxrwxrwx 1 sadeed sadeed 1255 Sep  8 20:21 addresses

letters/practice1/play:
total 4
-rwxrwxrwx 1 sadeed sadeed 1255 Sep  8 20:20 addresses
sadeed@sadeed:/mnt/c/cbc/DSAI-Jan-2026-AM/01-linux/DSAI-LINUX-JAN2026-AM/lab$ ls -l
total 12
drwxrwxrwx 1 sadeed sadeed 4096 Feb  1 22:34 dir1
drwxrwxrwx 1 sadeed sadeed 4096 Feb  4 09:56 dir2
drwxrwxrwx 1 sadeed sadeed 4096 Feb  1 22:34 dir3
drwxrwxrwx 1 sadeed sadeed 4096 Feb  1 22:34 dir4
drwxrwxrwx 1 sadeed sadeed 4096 Feb  4 10:37 dir5
drwxrwxrwx 1 sadeed sadeed 4096 Feb  4 10:37 dir6
-rwxrwxrwx 1 sadeed sadeed 5077 Feb  4 11:43 file.1
-rwxrwxrwx 1 sadeed sadeed 1255 Sep  5 20:05 file.2
-rwxrwxrwx 1 sadeed sadeed   24 Sep 10 20:30 fruits
drwxrwxrwx 1 sadeed sadeed 4096 Feb  1 22:34 house
drwxrwxrwx 1 sadeed sadeed 4096 Feb  5 11:42 letters
drwxrwxrwx 1 sadeed sadeed 4096 Feb  5 11:44 practice1
drwxrwxrwx 1 sadeed sadeed 4096 Feb  4 11:44 usr
sadeed@sadeed:/mnt/c/cbc/DSAI-Jan-2026-AM/01-linux/DSAI-LINUX-JAN2026-AM/lab$ mv letters/ myletters
sadeed@sadeed:/mnt/c/cbc/DSAI-Jan-2026-AM/01-linux/DSAI-LINUX-JAN2026-AM/lab$ ls -l
total 12
drwxrwxrwx 1 sadeed sadeed 4096 Feb  1 22:34 dir1
drwxrwxrwx 1 sadeed sadeed 4096 Feb  4 09:56 dir2
drwxrwxrwx 1 sadeed sadeed 4096 Feb  1 22:34 dir3
drwxrwxrwx 1 sadeed sadeed 4096 Feb  1 22:34 dir4
drwxrwxrwx 1 sadeed sadeed 4096 Feb  4 10:37 dir5
drwxrwxrwx 1 sadeed sadeed 4096 Feb  4 10:37 dir6
-rwxrwxrwx 1 sadeed sadeed 5077 Feb  4 11:43 file.1
-rwxrwxrwx 1 sadeed sadeed 1255 Sep  5 20:05 file.2
-rwxrwxrwx 1 sadeed sadeed   24 Sep 10 20:30 fruits
drwxrwxrwx 1 sadeed sadeed 4096 Feb  1 22:34 house
drwxrwxrwx 1 sadeed sadeed 4096 Feb  5 11:42 myletters
drwxrwxrwx 1 sadeed sadeed 4096 Feb  5 11:44 practice1
drwxrwxrwx 1 sadeed sadeed 4096 Feb  4 11:44 usr
sadeed@sadeed:/mnt/c/cbc/DSAI-Jan-2026-AM/01-linux/DSAI-LINUX-JAN2026-AM/lab$ mkdir house
mkdir: cannot create directory ‘house’: File exists
sadeed@sadeed:/mnt/c/cbc/DSAI-Jan-2026-AM/01-linux/DSAI-LINUX-JAN2026-AM/lab$ mkdir -p house
sadeed@sadeed:/mnt/c/cbc/DSAI-Jan-2026-AM/01-linux/DSAI-LINUX-JAN2026-AM/lab$ ls -l house/
total 0
drwxrwxrwx 1 sadeed sadeed 4096 Feb  1 22:34 furniture
sadeed@sadeed:/mnt/c/cbc/DSAI-Jan-2026-AM/01-linux/DSAI-LINUX-JAN2026-AM/lab$ ls -l myletters/
total 0
drwxrwxrwx 1 sadeed sadeed 4096 Feb  1 22:34 practice1
sadeed@sadeed:/mnt/c/cbc/DSAI-Jan-2026-AM/01-linux/DSAI-LINUX-JAN2026-AM/lab$ touch first_letter.txt
sadeed@sadeed:/mnt/c/cbc/DSAI-Jan-2026-AM/01-linux/DSAI-LINUX-JAN2026-AM/lab$ ls -l myletters/
total 0
drwxrwxrwx 1 sadeed sadeed 4096 Feb  1 22:34 practice1
sadeed@sadeed:/mnt/c/cbc/DSAI-Jan-2026-AM/01-linux/DSAI-LINUX-JAN2026-AM/lab$ ls -l
total 12
drwxrwxrwx 1 sadeed sadeed 4096 Feb  1 22:34 dir1
drwxrwxrwx 1 sadeed sadeed 4096 Feb  4 09:56 dir2
drwxrwxrwx 1 sadeed sadeed 4096 Feb  1 22:34 dir3
drwxrwxrwx 1 sadeed sadeed 4096 Feb  1 22:34 dir4
drwxrwxrwx 1 sadeed sadeed 4096 Feb  4 10:37 dir5
drwxrwxrwx 1 sadeed sadeed 4096 Feb  4 10:37 dir6
-rwxrwxrwx 1 sadeed sadeed 5077 Feb  4 11:43 file.1
-rwxrwxrwx 1 sadeed sadeed 1255 Sep  5 20:05 file.2
-rwxrwxrwx 1 sadeed sadeed    0 Feb  5 11:51 first_letter.txt
-rwxrwxrwx 1 sadeed sadeed   24 Sep 10 20:30 fruits
drwxrwxrwx 1 sadeed sadeed 4096 Feb  1 22:34 house
drwxrwxrwx 1 sadeed sadeed 4096 Feb  5 11:42 myletters
drwxrwxrwx 1 sadeed sadeed 4096 Feb  5 11:44 practice1
drwxrwxrwx 1 sadeed sadeed 4096 Feb  4 11:44 usr
sadeed@sadeed:/mnt/c/cbc/DSAI-Jan-2026-AM/01-linux/DSAI-LINUX-JAN2026-AM/lab$ mkdir Reports/Weekly
mkdir: cannot create directory ‘Reports/Weekly’: No such file or directory
sadeed@sadeed:/mnt/c/cbc/DSAI-Jan-2026-AM/01-linux/DSAI-LINUX-JAN2026-AM/lab$ mkdir - Reports/Weekly
mkdir: cannot create directory ‘Reports/Weekly’: No such file or directory
sadeed@sadeed:/mnt/c/cbc/DSAI-Jan-2026-AM/01-linux/DSAI-LINUX-JAN2026-AM/lab$ mkdir -p Reports/Weekly
sadeed@sadeed:/mnt/c/cbc/DSAI-Jan-2026-AM/01-linux/DSAI-LINUX-JAN2026-AM/lab$ rm Reports/Weekly/
rm: cannot remove 'Reports/Weekly/': Is a directory
sadeed@sadeed:/mnt/c/cbc/DSAI-Jan-2026-AM/01-linux/DSAI-LINUX-JAN2026-AM/lab$ rmdir Reports/Weekly/
sadeed@sadeed:/mnt/c/cbc/DSAI-Jan-2026-AM/01-linux/DSAI-LINUX-JAN2026-AM/lab$ ls -l Reports/
total 0
sadeed@sadeed:/mnt/c/cbc/DSAI-Jan-2026-AM/01-linux/DSAI-LINUX-JAN2026-AM/lab$ ls -l
total 12
drwxrwxrwx 1 sadeed sadeed 4096 Feb  5 11:56 -
drwxrwxrwx 1 sadeed sadeed 4096 Feb  5 11:57 Reports
drwxrwxrwx 1 sadeed sadeed 4096 Feb  1 22:34 dir1
drwxrwxrwx 1 sadeed sadeed 4096 Feb  4 09:56 dir2
drwxrwxrwx 1 sadeed sadeed 4096 Feb  1 22:34 dir3
drwxrwxrwx 1 sadeed sadeed 4096 Feb  1 22:34 dir4
drwxrwxrwx 1 sadeed sadeed 4096 Feb  4 10:37 dir5
drwxrwxrwx 1 sadeed sadeed 4096 Feb  4 10:37 dir6
-rwxrwxrwx 1 sadeed sadeed 5077 Feb  4 11:43 file.1
-rwxrwxrwx 1 sadeed sadeed 1255 Sep  5 20:05 file.2
-rwxrwxrwx 1 sadeed sadeed    0 Feb  5 11:51 first_letter.txt
-rwxrwxrwx 1 sadeed sadeed   24 Sep 10 20:30 fruits
drwxrwxrwx 1 sadeed sadeed 4096 Feb  1 22:34 house
drwxrwxrwx 1 sadeed sadeed 4096 Feb  5 11:42 myletters
drwxrwxrwx 1 sadeed sadeed 4096 Feb  5 11:44 practice1
drwxrwxrwx 1 sadeed sadeed 4096 Feb  4 11:44 usr
sadeed@sadeed:/mnt/c/cbc/DSAI-Jan-2026-AM/01-linux/DSAI-LINUX-JAN2026-AM/lab$ ls -l myletters/
total 0
drwxrwxrwx 1 sadeed sadeed 4096 Feb  1 22:34 practice1
sadeed@sadeed:/mnt/c/cbc/DSAI-Jan-2026-AM/01-linux/DSAI-LINUX-JAN2026-AM/lab$ touch myletters/projection
sadeed@sadeed:/mnt/c/cbc/DSAI-Jan-2026-AM/01-linux/DSAI-LINUX-JAN2026-AM/lab$ ls -l myletters/
total 0
drwxrwxrwx 1 sadeed sadeed 4096 Feb  1 22:34 practice1
-rwxrwxrwx 1 sadeed sadeed    0 Feb  5 11:59 projection
sadeed@sadeed:/mnt/c/cbc/DSAI-Jan-2026-AM/01-linux/DSAI-LINUX-JAN2026-AM/lab$ rm myletters/projection
sadeed@sadeed:/mnt/c/cbc/DSAI-Jan-2026-AM/01-linux/DSAI-LINUX-JAN2026-AM/lab$ ls -l myletters/
total 0
drwxrwxrwx 1 sadeed sadeed 4096 Feb  1 22:34 practice1
sadeed@sadeed:/mnt/c/cbc/DSAI-Jan-2026-AM/01-linux/DSAI-LINUX-JAN2026-AM/lab$ mkdir lab2
sadeed@sadeed:/mnt/c/cbc/DSAI-Jan-2026-AM/01-linux/DSAI-LINUX-JAN2026-AM/lab$ cd lab2/
sadeed@sadeed:/mnt/c/cbc/DSAI-Jan-2026-AM/01-linux/DSAI-LINUX-JAN2026-AM/lab/lab2$ ls -l
total 0
sadeed@sadeed:/mnt/c/cbc/DSAI-Jan-2026-AM/01-linux/DSAI-LINUX-JAN2026-AM/lab/lab2$ touch file{1..10}.txt
sadeed@sadeed:/mnt/c/cbc/DSAI-Jan-2026-AM/01-linux/DSAI-LINUX-JAN2026-AM/lab/lab2$ ls -l
total 0
-rwxrwxrwx 1 sadeed sadeed 0 Feb  5 12:02 file1.txt
-rwxrwxrwx 1 sadeed sadeed 0 Feb  5 12:02 file10.txt
-rwxrwxrwx 1 sadeed sadeed 0 Feb  5 12:02 file2.txt
-rwxrwxrwx 1 sadeed sadeed 0 Feb  5 12:02 file3.txt
-rwxrwxrwx 1 sadeed sadeed 0 Feb  5 12:02 file4.txt
-rwxrwxrwx 1 sadeed sadeed 0 Feb  5 12:02 file5.txt
-rwxrwxrwx 1 sadeed sadeed 0 Feb  5 12:02 file6.txt
-rwxrwxrwx 1 sadeed sadeed 0 Feb  5 12:02 file7.txt
-rwxrwxrwx 1 sadeed sadeed 0 Feb  5 12:02 file8.txt
-rwxrwxrwx 1 sadeed sadeed 0 Feb  5 12:02 file9.txt
sadeed@sadeed:/mnt/c/cbc/DSAI-Jan-2026-AM/01-linux/DSAI-LINUX-JAN2026-AM/lab/lab2$ rm -i file*
rm: remove regular empty file 'file1.txt'? y
rm: remove regular empty file 'file10.txt'? y
rm: remove regular empty file 'file2.txt'? 2
rm: remove regular empty file 'file3.txt'? n
rm: remove regular empty file 'file4.txt'? n
rm: remove regular empty file 'file5.txt'? n
rm: remove regular empty file 'file6.txt'? n
rm: remove regular empty file 'file7.txt'? n
rm: remove regular empty file 'file8.txt'? n
rm: remove regular empty file 'file9.txt'? n
sadeed@sadeed:/mnt/c/cbc/DSAI-Jan-2026-AM/01-linux/DSAI-LINUX-JAN2026-AM/lab/lab2$ n
nn: command not found
sadeed@sadeed:/mnt/c/cbc/DSAI-Jan-2026-AM/01-linux/DSAI-LINUX-JAN2026-AM/lab/lab2$ ls -l
total 0
-rwxrwxrwx 1 sadeed sadeed 0 Feb  5 12:02 file2.txt
-rwxrwxrwx 1 sadeed sadeed 0 Feb  5 12:02 file3.txt
-rwxrwxrwx 1 sadeed sadeed 0 Feb  5 12:02 file4.txt
-rwxrwxrwx 1 sadeed sadeed 0 Feb  5 12:02 file5.txt
-rwxrwxrwx 1 sadeed sadeed 0 Feb  5 12:02 file6.txt
-rwxrwxrwx 1 sadeed sadeed 0 Feb  5 12:02 file7.txt
-rwxrwxrwx 1 sadeed sadeed 0 Feb  5 12:02 file8.txt
-rwxrwxrwx 1 sadeed sadeed 0 Feb  5 12:02 file9.txt
sadeed@sadeed:/mnt/c/cbc/DSAI-Jan-2026-AM/01-linux/DSAI-LINUX-JAN2026-AM/lab/lab2$
