Microsoft Windows [Version 10.0.22631.4890]
(c) Microsoft Corporation. All rights reserved.

C:\Users\msade>wsl
sadeed@sadeed:/mnt/c/Users/msade$ cd /
sadeed@sadeed:/$
sadeed@sadeed:/$
sadeed@sadeed:/$ ls -l
total 2796
lrwxrwxrwx   1 root root       7 Apr 22  2024 bin -> usr/bin
drwxr-xr-x   2 root root    4096 Feb 26  2024 bin.usr-is-merged
drwxr-xr-x   2 root root    4096 Apr 22  2024 boot
drwxr-xr-x  15 root root    3860 Feb  6 09:27 dev
drwxr-xr-x  88 root root    4096 Feb  6 09:27 etc
drwxr-xr-x   3 root root    4096 Feb  2 00:50 home
-rwxr-xr-x   1 root root 2781568 Dec 11 20:58 init
lrwxrwxrwx   1 root root       7 Apr 22  2024 lib -> usr/lib
drwxr-xr-x   2 root root    4096 Apr  8  2024 lib.usr-is-merged
lrwxrwxrwx   1 root root       9 Apr 22  2024 lib64 -> usr/lib64
drwx------   2 root root   16384 Feb  2 00:42 lost+found
drwxr-xr-x   2 root root    4096 Aug  5  2025 media
drwxr-xr-x   6 root root    4096 Feb  2 01:15 mnt
drwxr-xr-x   2 root root    4096 Aug  5  2025 opt
dr-xr-xr-x 378 root root       0 Feb  6 09:27 proc
drwx------   4 root root    4096 Feb  3 09:40 root
drwxr-xr-x  19 root root     560 Feb  6 09:27 run
lrwxrwxrwx   1 root root       8 Apr 22  2024 sbin -> usr/sbin
drwxr-xr-x   2 root root    4096 Mar 31  2024 sbin.usr-is-merged
drwxr-xr-x   2 root root    4096 Feb  2 00:42 snap
drwxr-xr-x   2 root root    4096 Aug  5  2025 srv
dr-xr-xr-x  13 root root       0 Feb  6 09:27 sys
drwxrwxrwt   9 root root    4096 Feb  6 09:27 tmp
drwxr-xr-x  12 root root    4096 Aug  5  2025 usr
drwxr-xr-x  13 root root    4096 Feb  2 00:42 var
sadeed@sadeed:/$ cd mnt/c/cbc/
DSAI/             DSAI-Jan-2026-AM/ PDocs/            StudentGrades/    backgrouds/       wsl/
sadeed@sadeed:/$ cd mnt/c/cbc/DSAI-Jan-2026-AM/01-linux/D
D76989GC20_ppt/        DSAI-LINUX-JAN2026-AM/
sadeed@sadeed:/$ cd mnt/c/cbc/DSAI-Jan-2026-AM/01-linux/D
D76989GC20_ppt/        DSAI-LINUX-JAN2026-AM/
sadeed@sadeed:/$ cd mnt/c/cbc/DSAI-Jan-2026-AM/01-linux/DSAI-LINUX-JAN2026-AM/
.git/   Books/  Day-04/ Day-06/ Day-08/ Day-09/ lab/
sadeed@sadeed:/$ cd mnt/c/cbc/DSAI-Jan-2026-AM/01-linux/DSAI-LINUX-JAN2026-AM/lab/
sadeed@sadeed:/mnt/c/cbc/DSAI-Jan-2026-AM/01-linux/DSAI-LINUX-JAN2026-AM/lab$ LAB=/mnt/c/cbc/
DSAI/             DSAI-Jan-2026-AM/ PDocs/            StudentGrades/    backgrouds/       wsl/
sadeed@sadeed:/mnt/c/cbc/DSAI-Jan-2026-AM/01-linux/DSAI-LINUX-JAN2026-AM/lab$ LAB=/mnt/c/cbc/DSAI-Jan-2026-AM/01-linux/
CourseTimeLine-DSAI-JAN-2026-AM.pdf              D76989GC20_ag.pdf                                D76989GC20_ppt.zip                               DSAI-LINUX-JAN2026-AM/
CourseTimeLine.xlsx                              D76989GC20_ppt/                                  D76989GC20_sg.pdf                                Data_AI_Program_Overview_Microsoft_Courses.pptx
sadeed@sadeed:/mnt/c/cbc/DSAI-Jan-2026-AM/01-linux/DSAI-LINUX-JAN2026-AM/lab$ LAB=/mnt/c/cbc/DSAI-Jan-2026-AM/01-linux/
CourseTimeLine-DSAI-JAN-2026-AM.pdf              D76989GC20_ag.pdf                                D76989GC20_ppt.zip                               DSAI-LINUX-JAN2026-AM/
CourseTimeLine.xlsx                              D76989GC20_ppt/                                  D76989GC20_sg.pdf                                Data_AI_Program_Overview_Microsoft_Courses.pptx
sadeed@sadeed:/mnt/c/cbc/DSAI-Jan-2026-AM/01-linux/DSAI-LINUX-JAN2026-AM/lab$ LAB=/mnt/c/cbc/DSAI-Jan-2026-AM/01-linux/DSAI-LINUX-JAN2026-AM/
.git/                        CLI_Commands_Cheat_Sheet.md  Day-06/                      Day-09/                      README.md                    lab/
Books/                       Day-04/                      Day-08/                      LINUX_Training_Guide_WSL.md  cmd_cli.md                   setup-git.md
sadeed@sadeed:/mnt/c/cbc/DSAI-Jan-2026-AM/01-linux/DSAI-LINUX-JAN2026-AM/lab$ LAB=/mnt/c/cbc/DSAI-Jan-2026-AM/01-linux/DSAI-LINUX-JAN2026-AM/lab/
sadeed@sadeed:/mnt/c/cbc/DSAI-Jan-2026-AM/01-linux/DSAI-LINUX-JAN2026-AM/lab$ echo $LAB
/mnt/c/cbc/DSAI-Jan-2026-AM/01-linux/DSAI-LINUX-JAN2026-AM/lab/
sadeed@sadeed:/mnt/c/cbc/DSAI-Jan-2026-AM/01-linux/DSAI-LINUX-JAN2026-AM/lab$ cd /
sadeed@sadeed:/$ ls -l
total 2796
lrwxrwxrwx   1 root root       7 Apr 22  2024 bin -> usr/bin
drwxr-xr-x   2 root root    4096 Feb 26  2024 bin.usr-is-merged
drwxr-xr-x   2 root root    4096 Apr 22  2024 boot
drwxr-xr-x  15 root root    3860 Feb  6 09:27 dev
drwxr-xr-x  88 root root    4096 Feb  6 09:27 etc
drwxr-xr-x   3 root root    4096 Feb  2 00:50 home
-rwxr-xr-x   1 root root 2781568 Dec 11 20:58 init
lrwxrwxrwx   1 root root       7 Apr 22  2024 lib -> usr/lib
drwxr-xr-x   2 root root    4096 Apr  8  2024 lib.usr-is-merged
lrwxrwxrwx   1 root root       9 Apr 22  2024 lib64 -> usr/lib64
drwx------   2 root root   16384 Feb  2 00:42 lost+found
drwxr-xr-x   2 root root    4096 Aug  5  2025 media
drwxr-xr-x   6 root root    4096 Feb  2 01:15 mnt
drwxr-xr-x   2 root root    4096 Aug  5  2025 opt
dr-xr-xr-x 377 root root       0 Feb  6 09:27 proc
drwx------   4 root root    4096 Feb  3 09:40 root
drwxr-xr-x  19 root root     560 Feb  6 09:27 run
lrwxrwxrwx   1 root root       8 Apr 22  2024 sbin -> usr/sbin
drwxr-xr-x   2 root root    4096 Mar 31  2024 sbin.usr-is-merged
drwxr-xr-x   2 root root    4096 Feb  2 00:42 snap
drwxr-xr-x   2 root root    4096 Aug  5  2025 srv
dr-xr-xr-x  13 root root       0 Feb  6 09:27 sys
drwxrwxrwt   8 root root    4096 Feb  6 09:28 tmp
drwxr-xr-x  12 root root    4096 Aug  5  2025 usr
drwxr-xr-x  13 root root    4096 Feb  2 00:42 var
sadeed@sadeed:/$ cd $LAB
sadeed@sadeed:/mnt/c/cbc/DSAI-Jan-2026-AM/01-linux/DSAI-LINUX-JAN2026-AM/lab$ ls -l
total 12
drwxrwxrwx 1 sadeed sadeed 4096 Feb  5 11:56 -
drwxrwxrwx 1 sadeed sadeed 4096 Feb  5 11:57 Reports
drwxrwxrwx 1 sadeed sadeed 4096 Feb  1 22:34 dir1
drwxrwxrwx 1 sadeed sadeed 4096 Feb  4 09:56 dir2
drwxrwxrwx 1 sadeed sadeed 4096 Feb  1 22:34 dir3
drwxrwxrwx 1 sadeed sadeed 4096 Feb  1 22:34 dir4
drwxrwxrwx 1 sadeed sadeed 4096 Feb  4 10:37 dir5
drwxrwxrwx 1 sadeed sadeed 4096 Feb  4 10:37 dir6
-rwxrwxrwx 1 sadeed sadeed 5077 Feb  4 11:43 file.1
-rwxrwxrwx 1 sadeed sadeed 1255 Sep  5 20:05 file.2
-rwxrwxrwx 1 sadeed sadeed    0 Feb  5 11:51 first_letter.txt
-rwxrwxrwx 1 sadeed sadeed   24 Sep 10 20:30 fruits
drwxrwxrwx 1 sadeed sadeed 4096 Feb  1 22:34 house
drwxrwxrwx 1 sadeed sadeed 4096 Feb  5 12:03 lab2
drwxrwxrwx 1 sadeed sadeed 4096 Feb  5 12:00 myletters
drwxrwxrwx 1 sadeed sadeed 4096 Feb  5 11:44 practice1
drwxrwxrwx 1 sadeed sadeed 4096 Feb  4 11:44 usr
sadeed@sadeed:/mnt/c/cbc/DSAI-Jan-2026-AM/01-linux/DSAI-LINUX-JAN2026-AM/lab$ cd /
sadeed@sadeed:/$ cp $LAB/fruits $LAB/dir1
sadeed@sadeed:/$ ls -l $LAB/dir1/
total 0
-rwxrwxrwx 1 sadeed sadeed   73 Sep  8 20:34 abc
drwxrwxrwx 1 sadeed sadeed 4096 Feb  1 22:34 coffees
-rwxrwxrwx 1 sadeed sadeed   24 Feb  6 09:36 fruits
sadeed@sadeed:/$ ls --help
Usage: ls [OPTION]... [FILE]...
List information about the FILEs (the current directory by default).
Sort entries alphabetically if none of -cftuvSUX nor --sort is specified.

Mandatory arguments to long options are mandatory for short options too.
  -a, --all                  do not ignore entries starting with .
  -A, --almost-all           do not list implied . and ..
      --author               with -l, print the author of each file
  -b, --escape               print C-style escapes for nongraphic characters
      --block-size=SIZE      with -l, scale sizes by SIZE when printing them;
                             e.g., '--block-size=M'; see SIZE format below

  -B, --ignore-backups       do not list implied entries ending with ~
  -c                         with -lt: sort by, and show, ctime (time of last
                             change of file status information);
                             with -l: show ctime and sort by name;
                             otherwise: sort by ctime, newest first

  -C                         list entries by columns
      --color[=WHEN]         color the output WHEN; more info below
  -d, --directory            list directories themselves, not their contents
  -D, --dired                generate output designed for Emacs' dired mode
  -f                         list all entries in directory order
  -F, --classify[=WHEN]      append indicator (one of */=>@|) to entries WHEN
      --file-type            likewise, except do not append '*'
      --format=WORD          across -x, commas -m, horizontal -x, long -l,
                             single-column -1, verbose -l, vertical -C

      --full-time            like -l --time-style=full-iso
  -g                         like -l, but do not list owner
      --group-directories-first
                             group directories before files;
                             can be augmented with a --sort option, but any
                             use of --sort=none (-U) disables grouping

  -G, --no-group             in a long listing, don't print group names
  -h, --human-readable       with -l and -s, print sizes like 1K 234M 2G etc.
      --si                   likewise, but use powers of 1000 not 1024
  -H, --dereference-command-line
                             follow symbolic links listed on the command line
      --dereference-command-line-symlink-to-dir
                             follow each command line symbolic link
                             that points to a directory

      --hide=PATTERN         do not list implied entries matching shell PATTERN
                             (overridden by -a or -A)

      --hyperlink[=WHEN]     hyperlink file names WHEN
      --indicator-style=WORD
                             append indicator with style WORD to entry names:
                             none (default), slash (-p),
                             file-type (--file-type), classify (-F)

  -i, --inode                print the index number of each file
  -I, --ignore=PATTERN       do not list implied entries matching shell PATTERN
  -k, --kibibytes            default to 1024-byte blocks for file system usage;
                             used only with -s and per directory totals

  -l                         use a long listing format
  -L, --dereference          when showing file information for a symbolic
                             link, show information for the file the link
                             references rather than for the link itself

  -m                         fill width with a comma separated list of entries
  -n, --numeric-uid-gid      like -l, but list numeric user and group IDs
  -N, --literal              print entry names without quoting
  -o                         like -l, but do not list group information
  -p, --indicator-style=slash
                             append / indicator to directories
  -q, --hide-control-chars   print ? instead of nongraphic characters
      --show-control-chars   show nongraphic characters as-is (the default,
                             unless program is 'ls' and output is a terminal)

  -Q, --quote-name           enclose entry names in double quotes
      --quoting-style=WORD   use quoting style WORD for entry names:
                             literal, locale, shell, shell-always,
                             shell-escape, shell-escape-always, c, escape
                             (overrides QUOTING_STYLE environment variable)

  -r, --reverse              reverse order while sorting
  -R, --recursive            list subdirectories recursively
  -s, --size                 print the allocated size of each file, in blocks
  -S                         sort by file size, largest first
      --sort=WORD            sort by WORD instead of name: none (-U), size (-S),
                             time (-t), version (-v), extension (-X), width

      --time=WORD            select which timestamp used to display or sort;
                               access time (-u): atime, access, use;
                               metadata change time (-c): ctime, status;
                               modified time (default): mtime, modification;
                               birth time: birth, creation;
                             with -l, WORD determines which time to show;
                             with --sort=time, sort by WORD (newest first)

      --time-style=TIME_STYLE
                             time/date format with -l; see TIME_STYLE below
  -t                         sort by time, newest first; see --time
  -T, --tabsize=COLS         assume tab stops at each COLS instead of 8
  -u                         with -lt: sort by, and show, access time;
                             with -l: show access time and sort by name;
                             otherwise: sort by access time, newest first

  -U                         do not sort; list entries in directory order
  -v                         natural sort of (version) numbers within text
  -w, --width=COLS           set output width to COLS.  0 means no limit
  -x                         list entries by lines instead of by columns
  -X                         sort alphabetically by entry extension
  -Z, --context              print any security context of each file
      --zero                 end each output line with NUL, not newline
  -1                         list one file per line
      --help        display this help and exit
      --version     output version information and exit

The SIZE argument is an integer and optional unit (example: 10K is 10*1024).
Units are K,M,G,T,P,E,Z,Y,R,Q (powers of 1024) or KB,MB,... (powers of 1000).
Binary prefixes can be used, too: KiB=K, MiB=M, and so on.

The TIME_STYLE argument can be full-iso, long-iso, iso, locale, or +FORMAT.
FORMAT is interpreted like in date(1).  If FORMAT is FORMAT1<newline>FORMAT2,
then FORMAT1 applies to non-recent files and FORMAT2 to recent files.
TIME_STYLE prefixed with 'posix-' takes effect only outside the POSIX locale.
Also the TIME_STYLE environment variable sets the default style to use.

The WHEN argument defaults to 'always' and can also be 'auto' or 'never'.

Using color to distinguish file types is disabled both by default and
with --color=never.  With --color=auto, ls emits color codes only when
standard output is connected to a terminal.  The LS_COLORS environment
variable can change the settings.  Use the dircolors(1) command to set it.

Exit status:
 0  if OK,
 1  if minor problems (e.g., cannot access subdirectory),
 2  if serious trouble (e.g., cannot access command-line argument).

GNU coreutils online help: <https://www.gnu.org/software/coreutils/>
Report any translation bugs to <https://translationproject.org/team/>
Full documentation <https://www.gnu.org/software/coreutils/ls>
or available locally via: info '(coreutils) ls invocation'
sadeed@sadeed:/$ ln --help
Usage: ln [OPTION]... [-T] TARGET LINK_NAME
  or:  ln [OPTION]... TARGET
  or:  ln [OPTION]... TARGET... DIRECTORY
  or:  ln [OPTION]... -t DIRECTORY TARGET...
In the 1st form, create a link to TARGET with the name LINK_NAME.
In the 2nd form, create a link to TARGET in the current directory.
In the 3rd and 4th forms, create links to each TARGET in DIRECTORY.
Create hard links by default, symbolic links with --symbolic.
By default, each destination (name of new link) should not already exist.
When creating hard links, each TARGET must exist.  Symbolic links
can hold arbitrary text; if later resolved, a relative link is
interpreted in relation to its parent directory.

Mandatory arguments to long options are mandatory for short options too.
      --backup[=CONTROL]      make a backup of each existing destination file
  -b                          like --backup but does not accept an argument
  -d, -F, --directory         allow the superuser to attempt to hard link
                                directories (note: will probably fail due to
                                system restrictions, even for the superuser)
  -f, --force                 remove existing destination files
  -i, --interactive           prompt whether to remove destinations
  -L, --logical               dereference TARGETs that are symbolic links
  -n, --no-dereference        treat LINK_NAME as a normal file if
                                it is a symbolic link to a directory
  -P, --physical              make hard links directly to symbolic links
  -r, --relative              with -s, create links relative to link location
  -s, --symbolic              make symbolic links instead of hard links
  -S, --suffix=SUFFIX         override the usual backup suffix
  -t, --target-directory=DIRECTORY  specify the DIRECTORY in which to create
                                the links
  -T, --no-target-directory   treat LINK_NAME as a normal file always
  -v, --verbose               print name of each linked file
      --help        display this help and exit
      --version     output version information and exit

The backup suffix is '~', unless set with --suffix or SIMPLE_BACKUP_SUFFIX.
The version control method may be selected via the --backup option or through
the VERSION_CONTROL environment variable.  Here are the values:

  none, off       never make backups (even if --backup is given)
  numbered, t     make numbered backups
  existing, nil   numbered if numbered backups exist, simple otherwise
  simple, never   always make simple backups

Using -s ignores -L and -P.  Otherwise, the last option specified controls
behavior when a TARGET is a symbolic link, defaulting to -P.

GNU coreutils online help: <https://www.gnu.org/software/coreutils/>
Report any translation bugs to <https://translationproject.org/team/>
Full documentation <https://www.gnu.org/software/coreutils/ln>
or available locally via: info '(coreutils) ln invocation'
sadeed@sadeed:/$ man -k hardlink
hardlink (1)         - link multiple copies of a file
sadeed@sadeed:/$ man -k link
c_rehash (1ssl)      - Create symbolic links to files named by the hash values
devlink (8)          - Devlink tool
devlink-dev (8)      - devlink device configuration
devlink-dpipe (8)    - devlink dataplane pipeline visualization
devlink-health (8)   - devlink health reporting and recovery
devlink-lc (8)       - devlink line card configuration
devlink-monitor (8)  - state monitoring
devlink-port (8)     - devlink port configuration
devlink-rate (8)     - devlink rate management
devlink-region (8)   - devlink address region access
devlink-resource (8) - devlink device resource configuration
devlink-sb (8)       - devlink shared buffer configuration
devlink-trap (8)     - devlink trap configuration
elf (5)              - format of Executable and Linking Format (ELF) files
genl (8)             - generic netlink utility frontend
git-mv (1)           - Move or rename a file, a directory, or a symlink
gold (1)             - The GNU ELF linker
hardlink (1)         - link multiple copies of a file
ip-link (8)          - network device configuration
ld (1)               - The GNU linker
ld-linux (8)         - dynamic linker/loader
ld-linux.so (8)      - dynamic linker/loader
ld.bfd (1)           - The GNU linker
ld.gold (1)          - The GNU ELF linker
ld.so (8)            - dynamic linker/loader
ldconfig (8)         - configure dynamic linker run-time bindings
libnetlink (3)       - A library for accessing the netlink service
libnss_systemd.so.2 (8) - UNIX user and group name resolution for user/group lookup via Varlink
link (1)             - call the link function to create a link to a file
ln (1)               - make links between files
netlink (7)          - communication between kernel and user space (AF_NETLINK)
networkctl (1)       - Query or modify the status of network links
nss-systemd (8)      - UNIX user and group name resolution for user/group lookup via Varlink
openssl-rehash (1ssl) - Create symbolic links to files named by the hash values
pldd (1)             - display dynamic shared objects linked into a process
proc_pid_cwd (5)     - symbolic link to current working directory
proc_pid_exe (5)     - symbolic link to program pathname
proc_pid_root (5)    - symbolic link to root directory
queue (3)            - implementations of linked lists and queues
queue (7)            - implementations of linked lists and queues
rdma-link (8)        - rdma link configuration
readlink (1)         - print resolved symbolic links or canonical file names
rtld-audit (7)       - auditing API for the dynamic linker
rtmon (8)            - listens to and monitors RTnetlink
rtnetlink (7)        - Linux routing socket
sln (8)              - create symbolic links
symlink (7)          - symbolic link handling
systemd-journald-varlink@.socket (8) - Journal service
systemd.link (5)     - Network device configuration
tipc-link (8)        - show links or modify link properties
unlink (1)           - call the unlink function to remove the specified file
update-alternatives (1) - maintain symbolic links determining default commands
update-rc.d (8)      - install and remove System-V style init script links
varlinkctl (1)       - Introspect with and invoke Varlink services
x86_64-linux-gnu-gold (1) - The GNU ELF linker
x86_64-linux-gnu-ld (1) - The GNU linker
x86_64-linux-gnu-ld.bfd (1) - The GNU linker
x86_64-linux-gnu-ld.gold (1) - The GNU ELF linker
sadeed@sadeed:/$ cd $LAB
sadeed@sadeed:/mnt/c/cbc/DSAI-Jan-2026-AM/01-linux/DSAI-LINUX-JAN2026-AM/lab$ ls -l
total 12
drwxrwxrwx 1 sadeed sadeed 4096 Feb  5 11:56 -
drwxrwxrwx 1 sadeed sadeed 4096 Feb  5 11:57 Reports
drwxrwxrwx 1 sadeed sadeed 4096 Feb  6 09:36 dir1
drwxrwxrwx 1 sadeed sadeed 4096 Feb  4 09:56 dir2
drwxrwxrwx 1 sadeed sadeed 4096 Feb  1 22:34 dir3
drwxrwxrwx 1 sadeed sadeed 4096 Feb  1 22:34 dir4
drwxrwxrwx 1 sadeed sadeed 4096 Feb  4 10:37 dir5
drwxrwxrwx 1 sadeed sadeed 4096 Feb  4 10:37 dir6
-rwxrwxrwx 1 sadeed sadeed 5077 Feb  4 11:43 file.1
-rwxrwxrwx 1 sadeed sadeed 1255 Sep  5 20:05 file.2
-rwxrwxrwx 1 sadeed sadeed    0 Feb  5 11:51 first_letter.txt
-rwxrwxrwx 1 sadeed sadeed   24 Sep 10 20:30 fruits
drwxrwxrwx 1 sadeed sadeed 4096 Feb  1 22:34 house
drwxrwxrwx 1 sadeed sadeed 4096 Feb  5 12:03 lab2
drwxrwxrwx 1 sadeed sadeed 4096 Feb  5 12:00 myletters
drwxrwxrwx 1 sadeed sadeed 4096 Feb  5 11:44 practice1
drwxrwxrwx 1 sadeed sadeed 4096 Feb  4 11:44 usr
sadeed@sadeed:/mnt/c/cbc/DSAI-Jan-2026-AM/01-linux/DSAI-LINUX-JAN2026-AM/lab$ cd /
sadeed@sadeed:/$ ls -l
total 2796
lrwxrwxrwx   1 root root       7 Apr 22  2024 bin -> usr/bin
drwxr-xr-x   2 root root    4096 Feb 26  2024 bin.usr-is-merged
drwxr-xr-x   2 root root    4096 Apr 22  2024 boot
drwxr-xr-x  15 root root    3860 Feb  6 09:27 dev
drwxr-xr-x  88 root root    4096 Feb  6 09:27 etc
drwxr-xr-x   3 root root    4096 Feb  2 00:50 home
-rwxr-xr-x   1 root root 2781568 Dec 11 20:58 init
lrwxrwxrwx   1 root root       7 Apr 22  2024 lib -> usr/lib
drwxr-xr-x   2 root root    4096 Apr  8  2024 lib.usr-is-merged
lrwxrwxrwx   1 root root       9 Apr 22  2024 lib64 -> usr/lib64
drwx------   2 root root   16384 Feb  2 00:42 lost+found
drwxr-xr-x   2 root root    4096 Aug  5  2025 media
drwxr-xr-x   6 root root    4096 Feb  2 01:15 mnt
drwxr-xr-x   2 root root    4096 Aug  5  2025 opt
dr-xr-xr-x 332 root root       0 Feb  6 09:27 proc
drwx------   4 root root    4096 Feb  3 09:40 root
drwxr-xr-x  20 root root     600 Feb  6 09:36 run
lrwxrwxrwx   1 root root       8 Apr 22  2024 sbin -> usr/sbin
drwxr-xr-x   2 root root    4096 Mar 31  2024 sbin.usr-is-merged
drwxr-xr-x   2 root root    4096 Feb  2 00:42 snap
drwxr-xr-x   2 root root    4096 Aug  5  2025 srv
dr-xr-xr-x  13 root root       0 Feb  6 09:27 sys
drwxrwxrwt   9 root root    4096 Feb  6 09:42 tmp
drwxr-xr-x  12 root root    4096 Aug  5  2025 usr
drwxr-xr-x  13 root root    4096 Feb  2 00:42 var
sadeed@sadeed:/$ cd var/tmp/
sadeed@sadeed:/var/tmp$ cd /
sadeed@sadeed:/$ cd $LAB
sadeed@sadeed:/mnt/c/cbc/DSAI-Jan-2026-AM/01-linux/DSAI-LINUX-JAN2026-AM/lab$ echo "This is a dante file we created" > dante
sadeed@sadeed:/mnt/c/cbc/DSAI-Jan-2026-AM/01-linux/DSAI-LINUX-JAN2026-AM/lab$ ls -l
total 12
drwxrwxrwx 1 sadeed sadeed 4096 Feb  5 11:56 -
drwxrwxrwx 1 sadeed sadeed 4096 Feb  5 11:57 Reports
-rwxrwxrwx 1 sadeed sadeed   32 Feb  6 10:02 dante
drwxrwxrwx 1 sadeed sadeed 4096 Feb  6 09:36 dir1
drwxrwxrwx 1 sadeed sadeed 4096 Feb  4 09:56 dir2
drwxrwxrwx 1 sadeed sadeed 4096 Feb  1 22:34 dir3
drwxrwxrwx 1 sadeed sadeed 4096 Feb  1 22:34 dir4
drwxrwxrwx 1 sadeed sadeed 4096 Feb  4 10:37 dir5
drwxrwxrwx 1 sadeed sadeed 4096 Feb  4 10:37 dir6
-rwxrwxrwx 1 sadeed sadeed 5077 Feb  4 11:43 file.1
-rwxrwxrwx 1 sadeed sadeed 1255 Sep  5 20:05 file.2
-rwxrwxrwx 1 sadeed sadeed    0 Feb  5 11:51 first_letter.txt
-rwxrwxrwx 1 sadeed sadeed   24 Sep 10 20:30 fruits
drwxrwxrwx 1 sadeed sadeed 4096 Feb  1 22:34 house
drwxrwxrwx 1 sadeed sadeed 4096 Feb  5 12:03 lab2
drwxrwxrwx 1 sadeed sadeed 4096 Feb  5 12:00 myletters
drwxrwxrwx 1 sadeed sadeed 4096 Feb  5 11:44 practice1
drwxrwxrwx 1 sadeed sadeed 4096 Feb  4 11:44 usr
sadeed@sadeed:/mnt/c/cbc/DSAI-Jan-2026-AM/01-linux/DSAI-LINUX-JAN2026-AM/lab$ cat dante
This is a dante file we created
sadeed@sadeed:/mnt/c/cbc/DSAI-Jan-2026-AM/01-linux/DSAI-LINUX-JAN2026-AM/lab$ mv dante /var/tmp/
sadeed@sadeed:/mnt/c/cbc/DSAI-Jan-2026-AM/01-linux/DSAI-LINUX-JAN2026-AM/lab$ ls -l
total 12
drwxrwxrwx 1 sadeed sadeed 4096 Feb  5 11:56 -
drwxrwxrwx 1 sadeed sadeed 4096 Feb  5 11:57 Reports
drwxrwxrwx 1 sadeed sadeed 4096 Feb  6 09:36 dir1
drwxrwxrwx 1 sadeed sadeed 4096 Feb  4 09:56 dir2
drwxrwxrwx 1 sadeed sadeed 4096 Feb  1 22:34 dir3
drwxrwxrwx 1 sadeed sadeed 4096 Feb  1 22:34 dir4
drwxrwxrwx 1 sadeed sadeed 4096 Feb  4 10:37 dir5
drwxrwxrwx 1 sadeed sadeed 4096 Feb  4 10:37 dir6
-rwxrwxrwx 1 sadeed sadeed 5077 Feb  4 11:43 file.1
-rwxrwxrwx 1 sadeed sadeed 1255 Sep  5 20:05 file.2
-rwxrwxrwx 1 sadeed sadeed    0 Feb  5 11:51 first_letter.txt
-rwxrwxrwx 1 sadeed sadeed   24 Sep 10 20:30 fruits
drwxrwxrwx 1 sadeed sadeed 4096 Feb  1 22:34 house
drwxrwxrwx 1 sadeed sadeed 4096 Feb  5 12:03 lab2
drwxrwxrwx 1 sadeed sadeed 4096 Feb  5 12:00 myletters
drwxrwxrwx 1 sadeed sadeed 4096 Feb  5 11:44 practice1
drwxrwxrwx 1 sadeed sadeed 4096 Feb  4 11:44 usr
sadeed@sadeed:/mnt/c/cbc/DSAI-Jan-2026-AM/01-linux/DSAI-LINUX-JAN2026-AM/lab$ ln -s /var/tmp/dante dante_link
sadeed@sadeed:/mnt/c/cbc/DSAI-Jan-2026-AM/01-linux/DSAI-LINUX-JAN2026-AM/lab$ ls -l
total 12
drwxrwxrwx 1 sadeed sadeed 4096 Feb  5 11:56 -
drwxrwxrwx 1 sadeed sadeed 4096 Feb  5 11:57 Reports
lrwxrwxrwx 1 sadeed sadeed   14 Feb  6 10:08 dante_link -> /var/tmp/dante
drwxrwxrwx 1 sadeed sadeed 4096 Feb  6 09:36 dir1
drwxrwxrwx 1 sadeed sadeed 4096 Feb  4 09:56 dir2
drwxrwxrwx 1 sadeed sadeed 4096 Feb  1 22:34 dir3
drwxrwxrwx 1 sadeed sadeed 4096 Feb  1 22:34 dir4
drwxrwxrwx 1 sadeed sadeed 4096 Feb  4 10:37 dir5
drwxrwxrwx 1 sadeed sadeed 4096 Feb  4 10:37 dir6
-rwxrwxrwx 1 sadeed sadeed 5077 Feb  4 11:43 file.1
-rwxrwxrwx 1 sadeed sadeed 1255 Sep  5 20:05 file.2
-rwxrwxrwx 1 sadeed sadeed    0 Feb  5 11:51 first_letter.txt
-rwxrwxrwx 1 sadeed sadeed   24 Sep 10 20:30 fruits
drwxrwxrwx 1 sadeed sadeed 4096 Feb  1 22:34 house
drwxrwxrwx 1 sadeed sadeed 4096 Feb  5 12:03 lab2
drwxrwxrwx 1 sadeed sadeed 4096 Feb  5 12:00 myletters
drwxrwxrwx 1 sadeed sadeed 4096 Feb  5 11:44 practice1
drwxrwxrwx 1 sadeed sadeed 4096 Feb  4 11:44 usr
sadeed@sadeed:/mnt/c/cbc/DSAI-Jan-2026-AM/01-linux/DSAI-LINUX-JAN2026-AM/lab$ ls -F
-/  Reports/  dante_link@  dir1/  dir2/  dir3/  dir4/  dir5/  dir6/  file.1*  file.2*  first_letter.txt*  fruits*  house/  lab2/  myletters/  practice1/  usr/
sadeed@sadeed:/mnt/c/cbc/DSAI-Jan-2026-AM/01-linux/DSAI-LINUX-JAN2026-AM/lab$ ls -lF
total 12
drwxrwxrwx 1 sadeed sadeed 4096 Feb  5 11:56 -/
drwxrwxrwx 1 sadeed sadeed 4096 Feb  5 11:57 Reports/
lrwxrwxrwx 1 sadeed sadeed   14 Feb  6 10:08 dante_link -> /var/tmp/dante*
drwxrwxrwx 1 sadeed sadeed 4096 Feb  6 09:36 dir1/
drwxrwxrwx 1 sadeed sadeed 4096 Feb  4 09:56 dir2/
drwxrwxrwx 1 sadeed sadeed 4096 Feb  1 22:34 dir3/
drwxrwxrwx 1 sadeed sadeed 4096 Feb  1 22:34 dir4/
drwxrwxrwx 1 sadeed sadeed 4096 Feb  4 10:37 dir5/
drwxrwxrwx 1 sadeed sadeed 4096 Feb  4 10:37 dir6/
-rwxrwxrwx 1 sadeed sadeed 5077 Feb  4 11:43 file.1*
-rwxrwxrwx 1 sadeed sadeed 1255 Sep  5 20:05 file.2*
-rwxrwxrwx 1 sadeed sadeed    0 Feb  5 11:51 first_letter.txt*
-rwxrwxrwx 1 sadeed sadeed   24 Sep 10 20:30 fruits*
drwxrwxrwx 1 sadeed sadeed 4096 Feb  1 22:34 house/
drwxrwxrwx 1 sadeed sadeed 4096 Feb  5 12:03 lab2/
drwxrwxrwx 1 sadeed sadeed 4096 Feb  5 12:00 myletters/
drwxrwxrwx 1 sadeed sadeed 4096 Feb  5 11:44 practice1/
drwxrwxrwx 1 sadeed sadeed 4096 Feb  4 11:44 usr/
sadeed@sadeed:/mnt/c/cbc/DSAI-Jan-2026-AM/01-linux/DSAI-LINUX-JAN2026-AM/lab$ ls -F
-/  Reports/  dante_link@  dir1/  dir2/  dir3/  dir4/  dir5/  dir6/  file.1*  file.2*  first_letter.txt*  fruits*  house/  lab2/  myletters/  practice1/  usr/
sadeed@sadeed:/mnt/c/cbc/DSAI-Jan-2026-AM/01-linux/DSAI-LINUX-JAN2026-AM/lab$ echo "This is Mark's file we created" > dir1/mark
sadeed@sadeed:/mnt/c/cbc/DSAI-Jan-2026-AM/01-linux/DSAI-LINUX-JAN2026-AM/lab$ ls -l dir1/
total 0
-rwxrwxrwx 1 sadeed sadeed   73 Sep  8 20:34 abc
drwxrwxrwx 1 sadeed sadeed 4096 Feb  1 22:34 coffees
-rwxrwxrwx 1 sadeed sadeed   24 Feb  6 09:36 fruits
-rwxrwxrwx 1 sadeed sadeed   31 Feb  6 10:15 mark
sadeed@sadeed:/mnt/c/cbc/DSAI-Jan-2026-AM/01-linux/DSAI-LINUX-JAN2026-AM/lab$ cat dir1/mark
This is Mark's file we created
sadeed@sadeed:/mnt/c/cbc/DSAI-Jan-2026-AM/01-linux/DSAI-LINUX-JAN2026-AM/lab$ echo "This is Mark's file we created" > ~mark
sadeed@sadeed:/mnt/c/cbc/DSAI-Jan-2026-AM/01-linux/DSAI-LINUX-JAN2026-AM/lab$ ls -l ~mark
-rwxrwxrwx 1 sadeed sadeed 31 Feb  6 10:16 '~mark'
sadeed@sadeed:/mnt/c/cbc/DSAI-Jan-2026-AM/01-linux/DSAI-LINUX-JAN2026-AM/lab$ ls -l ~
total 0
sadeed@sadeed:/mnt/c/cbc/DSAI-Jan-2026-AM/01-linux/DSAI-LINUX-JAN2026-AM/lab$ cd ~
sadeed@sadeed:~$ echo "This is Mark's file we created" > ~/mark
sadeed@sadeed:~$ ls -l
total 4
-rw-r--r-- 1 sadeed sadeed 31 Feb  6 10:18 mark
sadeed@sadeed:~$ cd $LAB
sadeed@sadeed:/mnt/c/cbc/DSAI-Jan-2026-AM/01-linux/DSAI-LINUX-JAN2026-AM/lab$ ls -l
total 12
drwxrwxrwx 1 sadeed sadeed 4096 Feb  5 11:56  -
drwxrwxrwx 1 sadeed sadeed 4096 Feb  5 11:57  Reports
lrwxrwxrwx 1 sadeed sadeed   14 Feb  6 10:08  dante_link -> /var/tmp/dante
drwxrwxrwx 1 sadeed sadeed 4096 Feb  6 10:15  dir1
drwxrwxrwx 1 sadeed sadeed 4096 Feb  4 09:56  dir2
drwxrwxrwx 1 sadeed sadeed 4096 Feb  1 22:34  dir3
drwxrwxrwx 1 sadeed sadeed 4096 Feb  1 22:34  dir4
drwxrwxrwx 1 sadeed sadeed 4096 Feb  4 10:37  dir5
drwxrwxrwx 1 sadeed sadeed 4096 Feb  4 10:37  dir6
-rwxrwxrwx 1 sadeed sadeed 5077 Feb  4 11:43  file.1
-rwxrwxrwx 1 sadeed sadeed 1255 Sep  5 20:05  file.2
-rwxrwxrwx 1 sadeed sadeed    0 Feb  5 11:51  first_letter.txt
-rwxrwxrwx 1 sadeed sadeed   24 Sep 10 20:30  fruits
drwxrwxrwx 1 sadeed sadeed 4096 Feb  1 22:34  house
drwxrwxrwx 1 sadeed sadeed 4096 Feb  5 12:03  lab2
drwxrwxrwx 1 sadeed sadeed 4096 Feb  5 12:00  myletters
drwxrwxrwx 1 sadeed sadeed 4096 Feb  5 11:44  practice1
drwxrwxrwx 1 sadeed sadeed 4096 Feb  4 11:44  usr
-rwxrwxrwx 1 sadeed sadeed   31 Feb  6 10:16 '~mark'
sadeed@sadeed:/mnt/c/cbc/DSAI-Jan-2026-AM/01-linux/DSAI-LINUX-JAN2026-AM/lab$ cat dante_link
This is a dante file we created
sadeed@sadeed:/mnt/c/cbc/DSAI-Jan-2026-AM/01-linux/DSAI-LINUX-JAN2026-AM/lab$ ls -l dir1
total 0
-rwxrwxrwx 1 sadeed sadeed   73 Sep  8 20:34 abc
drwxrwxrwx 1 sadeed sadeed 4096 Feb  1 22:34 coffees
-rwxrwxrwx 1 sadeed sadeed   24 Feb  6 09:36 fruits
-rwxrwxrwx 1 sadeed sadeed   31 Feb  6 10:15 mark
sadeed@sadeed:/mnt/c/cbc/DSAI-Jan-2026-AM/01-linux/DSAI-LINUX-JAN2026-AM/lab$ ls -l dir2
total 0
-rwxrwxrwx 1 sadeed sadeed   20 Sep  8 19:04 beans
-rwxrwxrwx 1 sadeed sadeed   45 Sep  8 19:07 notes
drwxrwxrwx 1 sadeed sadeed 4096 Feb  4 09:56 sadeed
sadeed@sadeed:/mnt/c/cbc/DSAI-Jan-2026-AM/01-linux/DSAI-LINUX-JAN2026-AM/lab$ ls -l dir3
total 0
drwxrwxrwx 1 sadeed sadeed 4096 Feb  1 22:34 planets
drwxrwxrwx 1 sadeed sadeed 4096 Feb  1 22:34 vegetables
sadeed@sadeed:/mnt/c/cbc/DSAI-Jan-2026-AM/01-linux/DSAI-LINUX-JAN2026-AM/lab$ ls -l dir4
total 4
-rwxrwxrwx 1 sadeed sadeed 1263 Sep  8 18:59 roses
sadeed@sadeed:/mnt/c/cbc/DSAI-Jan-2026-AM/01-linux/DSAI-LINUX-JAN2026-AM/lab$ ls -l dir5
total 4
-rwxrwxrwx 1 sadeed sadeed 1255 Sep  5 20:05 moon
sadeed@sadeed:/mnt/c/cbc/DSAI-Jan-2026-AM/01-linux/DSAI-LINUX-JAN2026-AM/lab$ cd lab2/
sadeed@sadeed:/mnt/c/cbc/DSAI-Jan-2026-AM/01-linux/DSAI-LINUX-JAN2026-AM/lab/lab2$ ls -l
total 0
-rwxrwxrwx 1 sadeed sadeed 0 Feb  5 12:02 file2.txt
-rwxrwxrwx 1 sadeed sadeed 0 Feb  5 12:02 file3.txt
-rwxrwxrwx 1 sadeed sadeed 0 Feb  5 12:02 file4.txt
-rwxrwxrwx 1 sadeed sadeed 0 Feb  5 12:02 file5.txt
-rwxrwxrwx 1 sadeed sadeed 0 Feb  5 12:02 file6.txt
-rwxrwxrwx 1 sadeed sadeed 0 Feb  5 12:02 file7.txt
-rwxrwxrwx 1 sadeed sadeed 0 Feb  5 12:02 file8.txt
-rwxrwxrwx 1 sadeed sadeed 0 Feb  5 12:02 file9.txt
sadeed@sadeed:/mnt/c/cbc/DSAI-Jan-2026-AM/01-linux/DSAI-LINUX-JAN2026-AM/lab/lab2$ touch file42.txt
sadeed@sadeed:/mnt/c/cbc/DSAI-Jan-2026-AM/01-linux/DSAI-LINUX-JAN2026-AM/lab/lab2$ touch file32.txt
sadeed@sadeed:/mnt/c/cbc/DSAI-Jan-2026-AM/01-linux/DSAI-LINUX-JAN2026-AM/lab/lab2$ touch file12.txt
sadeed@sadeed:/mnt/c/cbc/DSAI-Jan-2026-AM/01-linux/DSAI-LINUX-JAN2026-AM/lab/lab2$ ls -l
total 0
-rwxrwxrwx 1 sadeed sadeed 0 Feb  6 10:45 file12.txt
-rwxrwxrwx 1 sadeed sadeed 0 Feb  5 12:02 file2.txt
-rwxrwxrwx 1 sadeed sadeed 0 Feb  5 12:02 file3.txt
-rwxrwxrwx 1 sadeed sadeed 0 Feb  6 10:45 file32.txt
-rwxrwxrwx 1 sadeed sadeed 0 Feb  5 12:02 file4.txt
-rwxrwxrwx 1 sadeed sadeed 0 Feb  6 10:45 file42.txt
-rwxrwxrwx 1 sadeed sadeed 0 Feb  5 12:02 file5.txt
-rwxrwxrwx 1 sadeed sadeed 0 Feb  5 12:02 file6.txt
-rwxrwxrwx 1 sadeed sadeed 0 Feb  5 12:02 file7.txt
-rwxrwxrwx 1 sadeed sadeed 0 Feb  5 12:02 file8.txt
-rwxrwxrwx 1 sadeed sadeed 0 Feb  5 12:02 file9.txt
sadeed@sadeed:/mnt/c/cbc/DSAI-Jan-2026-AM/01-linux/DSAI-LINUX-JAN2026-AM/lab/lab2$ ls -l file[0-9]
ls: cannot access 'file[0-9]': No such file or directory
sadeed@sadeed:/mnt/c/cbc/DSAI-Jan-2026-AM/01-linux/DSAI-LINUX-JAN2026-AM/lab/lab2$ ls -l file[0-9]
ls: cannot access 'file[0-9]': No such file or directory
sadeed@sadeed:/mnt/c/cbc/DSAI-Jan-2026-AM/01-linux/DSAI-LINUX-JAN2026-AM/lab/lab2$ ls file[0-9]
ls: cannot access 'file[0-9]': No such file or directory
sadeed@sadeed:/mnt/c/cbc/DSAI-Jan-2026-AM/01-linux/DSAI-LINUX-JAN2026-AM/lab/lab2$ ls -l
total 0
-rwxrwxrwx 1 sadeed sadeed 0 Feb  6 10:45 file12.txt
-rwxrwxrwx 1 sadeed sadeed 0 Feb  5 12:02 file2.txt
-rwxrwxrwx 1 sadeed sadeed 0 Feb  5 12:02 file3.txt
-rwxrwxrwx 1 sadeed sadeed 0 Feb  6 10:45 file32.txt
-rwxrwxrwx 1 sadeed sadeed 0 Feb  5 12:02 file4.txt
-rwxrwxrwx 1 sadeed sadeed 0 Feb  6 10:45 file42.txt
-rwxrwxrwx 1 sadeed sadeed 0 Feb  5 12:02 file5.txt
-rwxrwxrwx 1 sadeed sadeed 0 Feb  5 12:02 file6.txt
-rwxrwxrwx 1 sadeed sadeed 0 Feb  5 12:02 file7.txt
-rwxrwxrwx 1 sadeed sadeed 0 Feb  5 12:02 file8.txt
-rwxrwxrwx 1 sadeed sadeed 0 Feb  5 12:02 file9.txt
sadeed@sadeed:/mnt/c/cbc/DSAI-Jan-2026-AM/01-linux/DSAI-LINUX-JAN2026-AM/lab/lab2$ file[0-9]
file[0-9]: command not found
sadeed@sadeed:/mnt/c/cbc/DSAI-Jan-2026-AM/01-linux/DSAI-LINUX-JAN2026-AM/lab/lab2$ file[2]
file[2]: command not found
sadeed@sadeed:/mnt/c/cbc/DSAI-Jan-2026-AM/01-linux/DSAI-LINUX-JAN2026-AM/lab/lab2$ ls file[2]
ls: cannot access 'file[2]': No such file or directory
sadeed@sadeed:/mnt/c/cbc/DSAI-Jan-2026-AM/01-linux/DSAI-LINUX-JAN2026-AM/lab/lab2$ ls file*
file12.txt  file2.txt  file3.txt  file32.txt  file4.txt  file42.txt  file5.txt  file6.txt  file7.txt  file8.txt  file9.txt
sadeed@sadeed:/mnt/c/cbc/DSAI-Jan-2026-AM/01-linux/DSAI-LINUX-JAN2026-AM/lab/lab2$ ls file*[2]
ls: cannot access 'file*[2]': No such file or directory
sadeed@sadeed:/mnt/c/cbc/DSAI-Jan-2026-AM/01-linux/DSAI-LINUX-JAN2026-AM/lab/lab2$ ls file*
file12.txt  file2.txt  file3.txt  file32.txt  file4.txt  file42.txt  file5.txt  file6.txt  file7.txt  file8.txt  file9.txt
sadeed@sadeed:/mnt/c/cbc/DSAI-Jan-2026-AM/01-linux/DSAI-LINUX-JAN2026-AM/lab/lab2$ ls file[0-9]
ls: cannot access 'file[0-9]': No such file or directory
sadeed@sadeed:/mnt/c/cbc/DSAI-Jan-2026-AM/01-linux/DSAI-LINUX-JAN2026-AM/lab/lab2$ ls file[0-9].txt
file2.txt  file3.txt  file4.txt  file5.txt  file6.txt  file7.txt  file8.txt  file9.txt
sadeed@sadeed:/mnt/c/cbc/DSAI-Jan-2026-AM/01-linux/DSAI-LINUX-JAN2026-AM/lab/lab2$ ls file[0-9]*
file12.txt  file2.txt  file3.txt  file32.txt  file4.txt  file42.txt  file5.txt  file6.txt  file7.txt  file8.txt  file9.txt
sadeed@sadeed:/mnt/c/cbc/DSAI-Jan-2026-AM/01-linux/DSAI-LINUX-JAN2026-AM/lab/lab2$ ls file[0-9]*
file12.txt  file2.txt  file3.txt  file32.txt  file4.txt  file42.txt  file5.txt  file6.txt  file7.txt  file8.txt  file9.txt
sadeed@sadeed:/mnt/c/cbc/DSAI-Jan-2026-AM/01-linux/DSAI-LINUX-JAN2026-AM/lab/lab2$ ls -l file[0-9]*
-rwxrwxrwx 1 sadeed sadeed 0 Feb  6 10:45 file12.txt
-rwxrwxrwx 1 sadeed sadeed 0 Feb  5 12:02 file2.txt
-rwxrwxrwx 1 sadeed sadeed 0 Feb  5 12:02 file3.txt
-rwxrwxrwx 1 sadeed sadeed 0 Feb  6 10:45 file32.txt
-rwxrwxrwx 1 sadeed sadeed 0 Feb  5 12:02 file4.txt
-rwxrwxrwx 1 sadeed sadeed 0 Feb  6 10:45 file42.txt
-rwxrwxrwx 1 sadeed sadeed 0 Feb  5 12:02 file5.txt
-rwxrwxrwx 1 sadeed sadeed 0 Feb  5 12:02 file6.txt
-rwxrwxrwx 1 sadeed sadeed 0 Feb  5 12:02 file7.txt
-rwxrwxrwx 1 sadeed sadeed 0 Feb  5 12:02 file8.txt
-rwxrwxrwx 1 sadeed sadeed 0 Feb  5 12:02 file9.txt
sadeed@sadeed:/mnt/c/cbc/DSAI-Jan-2026-AM/01-linux/DSAI-LINUX-JAN2026-AM/lab/lab2$ touch file33.txt
sadeed@sadeed:/mnt/c/cbc/DSAI-Jan-2026-AM/01-linux/DSAI-LINUX-JAN2026-AM/lab/lab2$ touch file19.txt
sadeed@sadeed:/mnt/c/cbc/DSAI-Jan-2026-AM/01-linux/DSAI-LINUX-JAN2026-AM/lab/lab2$ touch file26.txt
sadeed@sadeed:/mnt/c/cbc/DSAI-Jan-2026-AM/01-linux/DSAI-LINUX-JAN2026-AM/lab/lab2$ ls -l
total 0
-rwxrwxrwx 1 sadeed sadeed 0 Feb  6 10:45 file12.txt
-rwxrwxrwx 1 sadeed sadeed 0 Feb  6 10:51 file19.txt
-rwxrwxrwx 1 sadeed sadeed 0 Feb  5 12:02 file2.txt
-rwxrwxrwx 1 sadeed sadeed 0 Feb  6 10:51 file26.txt
-rwxrwxrwx 1 sadeed sadeed 0 Feb  5 12:02 file3.txt
-rwxrwxrwx 1 sadeed sadeed 0 Feb  6 10:45 file32.txt
-rwxrwxrwx 1 sadeed sadeed 0 Feb  6 10:50 file33.txt
-rwxrwxrwx 1 sadeed sadeed 0 Feb  5 12:02 file4.txt
-rwxrwxrwx 1 sadeed sadeed 0 Feb  6 10:45 file42.txt
-rwxrwxrwx 1 sadeed sadeed 0 Feb  5 12:02 file5.txt
-rwxrwxrwx 1 sadeed sadeed 0 Feb  5 12:02 file6.txt
-rwxrwxrwx 1 sadeed sadeed 0 Feb  5 12:02 file7.txt
-rwxrwxrwx 1 sadeed sadeed 0 Feb  5 12:02 file8.txt
-rwxrwxrwx 1 sadeed sadeed 0 Feb  5 12:02 file9.txt
sadeed@sadeed:/mnt/c/cbc/DSAI-Jan-2026-AM/01-linux/DSAI-LINUX-JAN2026-AM/lab/lab2$ ls -l file[0-9][2]
ls: cannot access 'file[0-9][2]': No such file or directory
sadeed@sadeed:/mnt/c/cbc/DSAI-Jan-2026-AM/01-linux/DSAI-LINUX-JAN2026-AM/lab/lab2$ ls -l file[0-9][2]*
-rwxrwxrwx 1 sadeed sadeed 0 Feb  6 10:45 file12.txt
-rwxrwxrwx 1 sadeed sadeed 0 Feb  6 10:45 file32.txt
-rwxrwxrwx 1 sadeed sadeed 0 Feb  6 10:45 file42.txt
sadeed@sadeed:/mnt/c/cbc/DSAI-Jan-2026-AM/01-linux/DSAI-LINUX-JAN2026-AM/lab/lab2$ find -name file2*
find: paths must precede expression: `file26.txt'
find: possible unquoted pattern after predicate `-name'?
sadeed@sadeed:/mnt/c/cbc/DSAI-Jan-2026-AM/01-linux/DSAI-LINUX-JAN2026-AM/lab/lab2$ find -name file2
file2.txt   file26.txt
sadeed@sadeed:/mnt/c/cbc/DSAI-Jan-2026-AM/01-linux/DSAI-LINUX-JAN2026-AM/lab/lab2$ find -name file26.txt
./file26.txt
sadeed@sadeed:/mnt/c/cbc/DSAI-Jan-2026-AM/01-linux/DSAI-LINUX-JAN2026-AM/lab/lab2$ find ../ -name file.1
../file.1
../myletters/practice1/file.1
../practice1/file.1
sadeed@sadeed:/mnt/c/cbc/DSAI-Jan-2026-AM/01-linux/DSAI-LINUX-JAN2026-AM/lab/lab2$ find ~/ -name mark
/home/sadeed/mark
sadeed@sadeed:/mnt/c/cbc/DSAI-Jan-2026-AM/01-linux/DSAI-LINUX-JAN2026-AM/lab/lab2$ find ~/ -name m*
/home/sadeed/mark
/home/sadeed/.cache/motd.legal-displayed
sadeed@sadeed:/mnt/c/cbc/DSAI-Jan-2026-AM/01-linux/DSAI-LINUX-JAN2026-AM/lab/lab2$ find -name *.txt
find: paths must precede expression: `file19.txt'
find: possible unquoted pattern after predicate `-name'?
sadeed@sadeed:/mnt/c/cbc/DSAI-Jan-2026-AM/01-linux/DSAI-LINUX-JAN2026-AM/lab/lab2$ find -name file*
find: paths must precede expression: `file19.txt'
find: possible unquoted pattern after predicate `-name'?
sadeed@sadeed:/mnt/c/cbc/DSAI-Jan-2026-AM/01-linux/DSAI-LINUX-JAN2026-AM/lab/lab2$ find -name file*.txt
find: paths must precede expression: `file19.txt'
find: possible unquoted pattern after predicate `-name'?
sadeed@sadeed:/mnt/c/cbc/DSAI-Jan-2026-AM/01-linux/DSAI-LINUX-JAN2026-AM/lab/lab2$ find -name file19.*
./file19.txt
sadeed@sadeed:/mnt/c/cbc/DSAI-Jan-2026-AM/01-linux/DSAI-LINUX-JAN2026-AM/lab/lab2$ ls -l *.txt
-rwxrwxrwx 1 sadeed sadeed 0 Feb  6 10:45 file12.txt
-rwxrwxrwx 1 sadeed sadeed 0 Feb  6 10:51 file19.txt
-rwxrwxrwx 1 sadeed sadeed 0 Feb  5 12:02 file2.txt
-rwxrwxrwx 1 sadeed sadeed 0 Feb  6 10:51 file26.txt
-rwxrwxrwx 1 sadeed sadeed 0 Feb  5 12:02 file3.txt
-rwxrwxrwx 1 sadeed sadeed 0 Feb  6 10:45 file32.txt
-rwxrwxrwx 1 sadeed sadeed 0 Feb  6 10:50 file33.txt
-rwxrwxrwx 1 sadeed sadeed 0 Feb  5 12:02 file4.txt
-rwxrwxrwx 1 sadeed sadeed 0 Feb  6 10:45 file42.txt
-rwxrwxrwx 1 sadeed sadeed 0 Feb  5 12:02 file5.txt
-rwxrwxrwx 1 sadeed sadeed 0 Feb  5 12:02 file6.txt
-rwxrwxrwx 1 sadeed sadeed 0 Feb  5 12:02 file7.txt
-rwxrwxrwx 1 sadeed sadeed 0 Feb  5 12:02 file8.txt
-rwxrwxrwx 1 sadeed sadeed 0 Feb  5 12:02 file9.txt
sadeed@sadeed:/mnt/c/cbc/DSAI-Jan-2026-AM/01-linux/DSAI-LINUX-JAN2026-AM/lab/lab2$ find --help
Usage: find [-H] [-L] [-P] [-Olevel] [-D debugopts] [path...] [expression]

Default path is the current directory; default expression is -print.
Expression may consist of: operators, options, tests, and actions.

Operators (decreasing precedence; -and is implicit where no others are given):
      ( EXPR )   ! EXPR   -not EXPR   EXPR1 -a EXPR2   EXPR1 -and EXPR2
      EXPR1 -o EXPR2   EXPR1 -or EXPR2   EXPR1 , EXPR2

Positional options (always true):
      -daystart -follow -nowarn -regextype -warn

Normal options (always true, specified before other expressions):
      -depth -files0-from FILE -maxdepth LEVELS -mindepth LEVELS
       -mount -noleaf -xdev -ignore_readdir_race -noignore_readdir_race

Tests (N can be +N or -N or N):
      -amin N -anewer FILE -atime N -cmin N -cnewer FILE -context CONTEXT
      -ctime N -empty -false -fstype TYPE -gid N -group NAME -ilname PATTERN
      -iname PATTERN -inum N -iwholename PATTERN -iregex PATTERN
      -links N -lname PATTERN -mmin N -mtime N -name PATTERN -newer FILE
      -nouser -nogroup -path PATTERN -perm [-/]MODE -regex PATTERN
      -readable -writable -executable
      -wholename PATTERN -size N[bcwkMG] -true -type [bcdpflsD] -uid N
      -used N -user NAME -xtype [bcdpfls]

Actions:
      -delete -print0 -printf FORMAT -fprintf FILE FORMAT -print
      -fprint0 FILE -fprint FILE -ls -fls FILE -prune -quit
      -exec COMMAND ; -exec COMMAND {} + -ok COMMAND ;
      -execdir COMMAND ; -execdir COMMAND {} + -okdir COMMAND ;

Other common options:
      --help                   display this help and exit
      --version                output version information and exit

Valid arguments for -D:
exec, opt, rates, search, stat, time, tree, all, help
Use '-D help' for a description of the options, or see find(1)

Please see also the documentation at https://www.gnu.org/software/findutils/.
You can report (and track progress on fixing) bugs in the "find"
program via the GNU findutils bug-reporting page at
https://savannah.gnu.org/bugs/?group=findutils or, if
you have no web access, by sending email to <bug-findutils@gnu.org>.
sadeed@sadeed:/mnt/c/cbc/DSAI-Jan-2026-AM/01-linux/DSAI-LINUX-JAN2026-AM/lab/lab2$ date
Fri Feb  6 11:02:46 EST 2026
sadeed@sadeed:/mnt/c/cbc/DSAI-Jan-2026-AM/01-linux/DSAI-LINUX-JAN2026-AM/lab/lab2$ $(date +%Y)
2026: command not found
sadeed@sadeed:/mnt/c/cbc/DSAI-Jan-2026-AM/01-linux/DSAI-LINUX-JAN2026-AM/lab/lab2$ $(date +%Y%m)
202602: command not found
sadeed@sadeed:/mnt/c/cbc/DSAI-Jan-2026-AM/01-linux/DSAI-LINUX-JAN2026-AM/lab/lab2$ $(date +%Y%m%d)
20260206: command not found
sadeed@sadeed:/mnt/c/cbc/DSAI-Jan-2026-AM/01-linux/DSAI-LINUX-JAN2026-AM/lab/lab2$ touch sadeed_$(date +%Y%m%d)_{1..10}
sadeed@sadeed:/mnt/c/cbc/DSAI-Jan-2026-AM/01-linux/DSAI-LINUX-JAN2026-AM/lab/lab2$ ls -l
total 0
-rwxrwxrwx 1 sadeed sadeed 0 Feb  6 10:45 file12.txt
-rwxrwxrwx 1 sadeed sadeed 0 Feb  6 10:51 file19.txt
-rwxrwxrwx 1 sadeed sadeed 0 Feb  5 12:02 file2.txt
-rwxrwxrwx 1 sadeed sadeed 0 Feb  6 10:51 file26.txt
-rwxrwxrwx 1 sadeed sadeed 0 Feb  5 12:02 file3.txt
-rwxrwxrwx 1 sadeed sadeed 0 Feb  6 10:45 file32.txt
-rwxrwxrwx 1 sadeed sadeed 0 Feb  6 10:50 file33.txt
-rwxrwxrwx 1 sadeed sadeed 0 Feb  5 12:02 file4.txt
-rwxrwxrwx 1 sadeed sadeed 0 Feb  6 10:45 file42.txt
-rwxrwxrwx 1 sadeed sadeed 0 Feb  5 12:02 file5.txt
-rwxrwxrwx 1 sadeed sadeed 0 Feb  5 12:02 file6.txt
-rwxrwxrwx 1 sadeed sadeed 0 Feb  5 12:02 file7.txt
-rwxrwxrwx 1 sadeed sadeed 0 Feb  5 12:02 file8.txt
-rwxrwxrwx 1 sadeed sadeed 0 Feb  5 12:02 file9.txt
-rwxrwxrwx 1 sadeed sadeed 0 Feb  6 11:04 sadeed_20260206_1
-rwxrwxrwx 1 sadeed sadeed 0 Feb  6 11:04 sadeed_20260206_10
-rwxrwxrwx 1 sadeed sadeed 0 Feb  6 11:04 sadeed_20260206_2
-rwxrwxrwx 1 sadeed sadeed 0 Feb  6 11:04 sadeed_20260206_3
-rwxrwxrwx 1 sadeed sadeed 0 Feb  6 11:04 sadeed_20260206_4
-rwxrwxrwx 1 sadeed sadeed 0 Feb  6 11:04 sadeed_20260206_5
-rwxrwxrwx 1 sadeed sadeed 0 Feb  6 11:04 sadeed_20260206_6
-rwxrwxrwx 1 sadeed sadeed 0 Feb  6 11:04 sadeed_20260206_7
-rwxrwxrwx 1 sadeed sadeed 0 Feb  6 11:04 sadeed_20260206_8
-rwxrwxrwx 1 sadeed sadeed 0 Feb  6 11:04 sadeed_20260206_9
sadeed@sadeed:/mnt/c/cbc/DSAI-Jan-2026-AM/01-linux/DSAI-LINUX-JAN2026-AM/lab/lab2$ touch sadeed_$(date +%Y%m%d%h%min)_{1..10}
sadeed@sadeed:/mnt/c/cbc/DSAI-Jan-2026-AM/01-linux/DSAI-LINUX-JAN2026-AM/lab/lab2$ ls -l
total 0
-rwxrwxrwx 1 sadeed sadeed 0 Feb  6 10:45 file12.txt
-rwxrwxrwx 1 sadeed sadeed 0 Feb  6 10:51 file19.txt
-rwxrwxrwx 1 sadeed sadeed 0 Feb  5 12:02 file2.txt
-rwxrwxrwx 1 sadeed sadeed 0 Feb  6 10:51 file26.txt
-rwxrwxrwx 1 sadeed sadeed 0 Feb  5 12:02 file3.txt
-rwxrwxrwx 1 sadeed sadeed 0 Feb  6 10:45 file32.txt
-rwxrwxrwx 1 sadeed sadeed 0 Feb  6 10:50 file33.txt
-rwxrwxrwx 1 sadeed sadeed 0 Feb  5 12:02 file4.txt
-rwxrwxrwx 1 sadeed sadeed 0 Feb  6 10:45 file42.txt
-rwxrwxrwx 1 sadeed sadeed 0 Feb  5 12:02 file5.txt
-rwxrwxrwx 1 sadeed sadeed 0 Feb  5 12:02 file6.txt
-rwxrwxrwx 1 sadeed sadeed 0 Feb  5 12:02 file7.txt
-rwxrwxrwx 1 sadeed sadeed 0 Feb  5 12:02 file8.txt
-rwxrwxrwx 1 sadeed sadeed 0 Feb  5 12:02 file9.txt
-rwxrwxrwx 1 sadeed sadeed 0 Feb  6 11:05 sadeed_20260206Feb02in_1
-rwxrwxrwx 1 sadeed sadeed 0 Feb  6 11:05 sadeed_20260206Feb02in_10
-rwxrwxrwx 1 sadeed sadeed 0 Feb  6 11:05 sadeed_20260206Feb02in_2
-rwxrwxrwx 1 sadeed sadeed 0 Feb  6 11:05 sadeed_20260206Feb02in_3
-rwxrwxrwx 1 sadeed sadeed 0 Feb  6 11:05 sadeed_20260206Feb02in_4
-rwxrwxrwx 1 sadeed sadeed 0 Feb  6 11:05 sadeed_20260206Feb02in_5
-rwxrwxrwx 1 sadeed sadeed 0 Feb  6 11:05 sadeed_20260206Feb02in_6
-rwxrwxrwx 1 sadeed sadeed 0 Feb  6 11:05 sadeed_20260206Feb02in_7
-rwxrwxrwx 1 sadeed sadeed 0 Feb  6 11:05 sadeed_20260206Feb02in_8
-rwxrwxrwx 1 sadeed sadeed 0 Feb  6 11:05 sadeed_20260206Feb02in_9
-rwxrwxrwx 1 sadeed sadeed 0 Feb  6 11:04 sadeed_20260206_1
-rwxrwxrwx 1 sadeed sadeed 0 Feb  6 11:04 sadeed_20260206_10
-rwxrwxrwx 1 sadeed sadeed 0 Feb  6 11:04 sadeed_20260206_2
-rwxrwxrwx 1 sadeed sadeed 0 Feb  6 11:04 sadeed_20260206_3
-rwxrwxrwx 1 sadeed sadeed 0 Feb  6 11:04 sadeed_20260206_4
-rwxrwxrwx 1 sadeed sadeed 0 Feb  6 11:04 sadeed_20260206_5
-rwxrwxrwx 1 sadeed sadeed 0 Feb  6 11:04 sadeed_20260206_6
-rwxrwxrwx 1 sadeed sadeed 0 Feb  6 11:04 sadeed_20260206_7
-rwxrwxrwx 1 sadeed sadeed 0 Feb  6 11:04 sadeed_20260206_8
-rwxrwxrwx 1 sadeed sadeed 0 Feb  6 11:04 sadeed_20260206_9
sadeed@sadeed:/mnt/c/cbc/DSAI-Jan-2026-AM/01-linux/DSAI-LINUX-JAN2026-AM/lab/lab2$ $(date +%Y%m%d%H)
2026020611: command not found
sadeed@sadeed:/mnt/c/cbc/DSAI-Jan-2026-AM/01-linux/DSAI-LINUX-JAN2026-AM/lab/lab2$ $(date +%Y%m%d%H%M)
202602061105: command not found
sadeed@sadeed:/mnt/c/cbc/DSAI-Jan-2026-AM/01-linux/DSAI-LINUX-JAN2026-AM/lab/lab2$ touch Paraj_$(date +%Y%m%d%H%M)_{1..10}
sadeed@sadeed:/mnt/c/cbc/DSAI-Jan-2026-AM/01-linux/DSAI-LINUX-JAN2026-AM/lab/lab2$ ls -l
total 0
-rwxrwxrwx 1 sadeed sadeed 0 Feb  6 11:06 Paraj_202602061106_1
-rwxrwxrwx 1 sadeed sadeed 0 Feb  6 11:06 Paraj_202602061106_10
-rwxrwxrwx 1 sadeed sadeed 0 Feb  6 11:06 Paraj_202602061106_2
-rwxrwxrwx 1 sadeed sadeed 0 Feb  6 11:06 Paraj_202602061106_3
-rwxrwxrwx 1 sadeed sadeed 0 Feb  6 11:06 Paraj_202602061106_4
-rwxrwxrwx 1 sadeed sadeed 0 Feb  6 11:06 Paraj_202602061106_5
-rwxrwxrwx 1 sadeed sadeed 0 Feb  6 11:06 Paraj_202602061106_6
-rwxrwxrwx 1 sadeed sadeed 0 Feb  6 11:06 Paraj_202602061106_7
-rwxrwxrwx 1 sadeed sadeed 0 Feb  6 11:06 Paraj_202602061106_8
-rwxrwxrwx 1 sadeed sadeed 0 Feb  6 11:06 Paraj_202602061106_9
-rwxrwxrwx 1 sadeed sadeed 0 Feb  6 10:45 file12.txt
-rwxrwxrwx 1 sadeed sadeed 0 Feb  6 10:51 file19.txt
-rwxrwxrwx 1 sadeed sadeed 0 Feb  5 12:02 file2.txt
-rwxrwxrwx 1 sadeed sadeed 0 Feb  6 10:51 file26.txt
-rwxrwxrwx 1 sadeed sadeed 0 Feb  5 12:02 file3.txt
-rwxrwxrwx 1 sadeed sadeed 0 Feb  6 10:45 file32.txt
-rwxrwxrwx 1 sadeed sadeed 0 Feb  6 10:50 file33.txt
-rwxrwxrwx 1 sadeed sadeed 0 Feb  5 12:02 file4.txt
-rwxrwxrwx 1 sadeed sadeed 0 Feb  6 10:45 file42.txt
-rwxrwxrwx 1 sadeed sadeed 0 Feb  5 12:02 file5.txt
-rwxrwxrwx 1 sadeed sadeed 0 Feb  5 12:02 file6.txt
-rwxrwxrwx 1 sadeed sadeed 0 Feb  5 12:02 file7.txt
-rwxrwxrwx 1 sadeed sadeed 0 Feb  5 12:02 file8.txt
-rwxrwxrwx 1 sadeed sadeed 0 Feb  5 12:02 file9.txt
-rwxrwxrwx 1 sadeed sadeed 0 Feb  6 11:05 sadeed_20260206Feb02in_1
-rwxrwxrwx 1 sadeed sadeed 0 Feb  6 11:05 sadeed_20260206Feb02in_10
-rwxrwxrwx 1 sadeed sadeed 0 Feb  6 11:05 sadeed_20260206Feb02in_2
-rwxrwxrwx 1 sadeed sadeed 0 Feb  6 11:05 sadeed_20260206Feb02in_3
-rwxrwxrwx 1 sadeed sadeed 0 Feb  6 11:05 sadeed_20260206Feb02in_4
-rwxrwxrwx 1 sadeed sadeed 0 Feb  6 11:05 sadeed_20260206Feb02in_5
-rwxrwxrwx 1 sadeed sadeed 0 Feb  6 11:05 sadeed_20260206Feb02in_6
-rwxrwxrwx 1 sadeed sadeed 0 Feb  6 11:05 sadeed_20260206Feb02in_7
-rwxrwxrwx 1 sadeed sadeed 0 Feb  6 11:05 sadeed_20260206Feb02in_8
-rwxrwxrwx 1 sadeed sadeed 0 Feb  6 11:05 sadeed_20260206Feb02in_9
-rwxrwxrwx 1 sadeed sadeed 0 Feb  6 11:04 sadeed_20260206_1
-rwxrwxrwx 1 sadeed sadeed 0 Feb  6 11:04 sadeed_20260206_10
-rwxrwxrwx 1 sadeed sadeed 0 Feb  6 11:04 sadeed_20260206_2
-rwxrwxrwx 1 sadeed sadeed 0 Feb  6 11:04 sadeed_20260206_3
-rwxrwxrwx 1 sadeed sadeed 0 Feb  6 11:04 sadeed_20260206_4
-rwxrwxrwx 1 sadeed sadeed 0 Feb  6 11:04 sadeed_20260206_5
-rwxrwxrwx 1 sadeed sadeed 0 Feb  6 11:04 sadeed_20260206_6
-rwxrwxrwx 1 sadeed sadeed 0 Feb  6 11:04 sadeed_20260206_7
-rwxrwxrwx 1 sadeed sadeed 0 Feb  6 11:04 sadeed_20260206_8
-rwxrwxrwx 1 sadeed sadeed 0 Feb  6 11:04 sadeed_20260206_9
sadeed@sadeed:/mnt/c/cbc/DSAI-Jan-2026-AM/01-linux/DSAI-LINUX-JAN2026-AM/lab/lab2$ ls -l *Feb*
-rwxrwxrwx 1 sadeed sadeed 0 Feb  6 11:05 sadeed_20260206Feb02in_1
-rwxrwxrwx 1 sadeed sadeed 0 Feb  6 11:05 sadeed_20260206Feb02in_10
-rwxrwxrwx 1 sadeed sadeed 0 Feb  6 11:05 sadeed_20260206Feb02in_2
-rwxrwxrwx 1 sadeed sadeed 0 Feb  6 11:05 sadeed_20260206Feb02in_3
-rwxrwxrwx 1 sadeed sadeed 0 Feb  6 11:05 sadeed_20260206Feb02in_4
-rwxrwxrwx 1 sadeed sadeed 0 Feb  6 11:05 sadeed_20260206Feb02in_5
-rwxrwxrwx 1 sadeed sadeed 0 Feb  6 11:05 sadeed_20260206Feb02in_6
-rwxrwxrwx 1 sadeed sadeed 0 Feb  6 11:05 sadeed_20260206Feb02in_7
-rwxrwxrwx 1 sadeed sadeed 0 Feb  6 11:05 sadeed_20260206Feb02in_8
-rwxrwxrwx 1 sadeed sadeed 0 Feb  6 11:05 sadeed_20260206Feb02in_9
sadeed@sadeed:/mnt/c/cbc/DSAI-Jan-2026-AM/01-linux/DSAI-LINUX-JAN2026-AM/lab/lab2$ rm *Feb*
sadeed@sadeed:/mnt/c/cbc/DSAI-Jan-2026-AM/01-linux/DSAI-LINUX-JAN2026-AM/lab/lab2$ ls -l
total 0
-rwxrwxrwx 1 sadeed sadeed 0 Feb  6 11:06 Paraj_202602061106_1
-rwxrwxrwx 1 sadeed sadeed 0 Feb  6 11:06 Paraj_202602061106_10
-rwxrwxrwx 1 sadeed sadeed 0 Feb  6 11:06 Paraj_202602061106_2
-rwxrwxrwx 1 sadeed sadeed 0 Feb  6 11:06 Paraj_202602061106_3
-rwxrwxrwx 1 sadeed sadeed 0 Feb  6 11:06 Paraj_202602061106_4
-rwxrwxrwx 1 sadeed sadeed 0 Feb  6 11:06 Paraj_202602061106_5
-rwxrwxrwx 1 sadeed sadeed 0 Feb  6 11:06 Paraj_202602061106_6
-rwxrwxrwx 1 sadeed sadeed 0 Feb  6 11:06 Paraj_202602061106_7
-rwxrwxrwx 1 sadeed sadeed 0 Feb  6 11:06 Paraj_202602061106_8
-rwxrwxrwx 1 sadeed sadeed 0 Feb  6 11:06 Paraj_202602061106_9
-rwxrwxrwx 1 sadeed sadeed 0 Feb  6 10:45 file12.txt
-rwxrwxrwx 1 sadeed sadeed 0 Feb  6 10:51 file19.txt
-rwxrwxrwx 1 sadeed sadeed 0 Feb  5 12:02 file2.txt
-rwxrwxrwx 1 sadeed sadeed 0 Feb  6 10:51 file26.txt
-rwxrwxrwx 1 sadeed sadeed 0 Feb  5 12:02 file3.txt
-rwxrwxrwx 1 sadeed sadeed 0 Feb  6 10:45 file32.txt
-rwxrwxrwx 1 sadeed sadeed 0 Feb  6 10:50 file33.txt
-rwxrwxrwx 1 sadeed sadeed 0 Feb  5 12:02 file4.txt
-rwxrwxrwx 1 sadeed sadeed 0 Feb  6 10:45 file42.txt
-rwxrwxrwx 1 sadeed sadeed 0 Feb  5 12:02 file5.txt
-rwxrwxrwx 1 sadeed sadeed 0 Feb  5 12:02 file6.txt
-rwxrwxrwx 1 sadeed sadeed 0 Feb  5 12:02 file7.txt
-rwxrwxrwx 1 sadeed sadeed 0 Feb  5 12:02 file8.txt
-rwxrwxrwx 1 sadeed sadeed 0 Feb  5 12:02 file9.txt
-rwxrwxrwx 1 sadeed sadeed 0 Feb  6 11:04 sadeed_20260206_1
-rwxrwxrwx 1 sadeed sadeed 0 Feb  6 11:04 sadeed_20260206_10
-rwxrwxrwx 1 sadeed sadeed 0 Feb  6 11:04 sadeed_20260206_2
-rwxrwxrwx 1 sadeed sadeed 0 Feb  6 11:04 sadeed_20260206_3
-rwxrwxrwx 1 sadeed sadeed 0 Feb  6 11:04 sadeed_20260206_4
-rwxrwxrwx 1 sadeed sadeed 0 Feb  6 11:04 sadeed_20260206_5
-rwxrwxrwx 1 sadeed sadeed 0 Feb  6 11:04 sadeed_20260206_6
-rwxrwxrwx 1 sadeed sadeed 0 Feb  6 11:04 sadeed_20260206_7
-rwxrwxrwx 1 sadeed sadeed 0 Feb  6 11:04 sadeed_20260206_8
-rwxrwxrwx 1 sadeed sadeed 0 Feb  6 11:04 sadeed_20260206_9
sadeed@sadeed:/mnt/c/cbc/DSAI-Jan-2026-AM/01-linux/DSAI-LINUX-JAN2026-AM/lab/lab2$ locate mark
Command 'locate' not found, but can be installed with:
sudo apt install plocate
sadeed@sadeed:/mnt/c/cbc/DSAI-Jan-2026-AM/01-linux/DSAI-LINUX-JAN2026-AM/lab/lab2$ sudo apt install plocate
[sudo] password for sadeed:
Reading package lists... Done
Building dependency tree... Done
Reading state information... Done
The following additional packages will be installed:
  liburing2
The following NEW packages will be installed:
  liburing2 plocate
0 upgraded, 2 newly installed, 0 to remove and 76 not upgraded.
Need to get 160 kB of archives.
After this operation, 623 kB of additional disk space will be used.
Do you want to continue? [Y/n] y
Get:1 http://archive.ubuntu.com/ubuntu noble/main amd64 liburing2 amd64 2.5-1build1 [21.1 kB]
Get:2 http://archive.ubuntu.com/ubuntu noble/universe amd64 plocate amd64 1.1.19-2ubuntu2 [139 kB]
Fetched 160 kB in 0s (675 kB/s)
Selecting previously unselected package liburing2:amd64.
(Reading database ... 40754 files and directories currently installed.)
Preparing to unpack .../liburing2_2.5-1build1_amd64.deb ...
Unpacking liburing2:amd64 (2.5-1build1) ...
Selecting previously unselected package plocate.
Preparing to unpack .../plocate_1.1.19-2ubuntu2_amd64.deb ...
Unpacking plocate (1.1.19-2ubuntu2) ...
Setting up liburing2:amd64 (2.5-1build1) ...
Setting up plocate (1.1.19-2ubuntu2) ...
update-alternatives: using /usr/bin/plocate to provide /usr/bin/locate (locate) in auto mode
info: Selecting GID from range 100 to 999 ...
info: Adding group `plocate' (GID 108) ...
Initializing plocate database; this may take some time... done
Created symlink /etc/systemd/system/timers.target.wants/plocate-updatedb.timer  /usr/lib/systemd/system/plocate-updatedb.timer.
Processing triggers for man-db (2.12.0-4build2) ...
Processing triggers for libc-bin (2.39-0ubuntu8.7) ...
sadeed@sadeed:/mnt/c/cbc/DSAI-Jan-2026-AM/01-linux/DSAI-LINUX-JAN2026-AM/lab/lab2$
test